# hand path (no mellow, no Blender). The 'today' column is the MELLOW call-site table from binding-0906-probe.py: in this run Outfit_Top / Outfit_Cardigan / Outfit_Socks / Outfit_Shoes are put(garment.shell(...)) with no bind call, i.e. inherit, and Hair_Bun / Acc_Crown are the parametric fallbacks.
hip 0.843 knee 0.501 waist 0.960 neck 1.250
part                           n today           L    R    C belowhip  dom#    wvar   diam  comp  span  uni  lead
Outfit_Top                   763 nearest+16   0.09 0.09 0.82     0.00    10  0.4250    461     1     0    n  upperChest 0.23, chest 0.13, J_Sec_R_Bust1 0.13
Outfit_Cardigan              920 nearest+16   0.21 0.21 0.58     0.00    12  0.5996    970     1     1    n  hips 0.14, upperChest 0.12, rightUpperArm 0.11
Acc_Buttons                  144 ?            0.00 0.00 1.00     0.00     2  0.1812    139     3     0    n  spine 0.32, chest 0.22, upperChest 0.21
Acc_Collar                   160 ?            0.30 0.31 0.39     0.00     6  0.3624    314     1     1    n  upperChest 0.28, leftShoulder 0.20, rightShoulder 0.20
Outfit_Bottom                336 drape        0.26 0.25 0.50     0.57     4  0.4630    666     1     1    n  hips 0.42, leftUpperLeg 0.26, rightUpperLeg 0.25
Acc_Frill_Hem                192 ?            0.50 0.50 0.00     1.00     2  0.4831    738     1     1    n  rightUpperLeg 0.49, leftUpperLeg 0.49, hips 0.02
Acc_Frill_Bust               192 ?            0.17 0.17 0.66     0.00     7  0.3800    390     1     0    n  upperChest 0.44, rightUpperArm 0.16, leftUpperArm 0.16
Outfit_Socks                 560 nearest      0.50 0.50 0.00     1.00     6  0.4705    488     2     0    n  rightLowerLeg 0.40, leftLowerLeg 0.40, rightUpperLeg 0.06
Outfit_Shoes                 792 nearest      0.50 0.50 0.00     1.00     6  0.5927    323     6     0    n  rightLowerLeg 0.21, leftLowerLeg 0.21, leftFoot 0.20
Acc_Bear_Face                288 ?            0.50 0.50 0.00     1.00     2  0.5000    138     6     0    n  rightToes 0.50, leftToes 0.50, J_Sec_L_SkirtBack 0.00
Acc_Bandage_Thigh             96 nearest      0.79 0.21 0.00     1.00     2  0.3244    211     1     1    n  leftUpperLeg 0.78, rightUpperLeg 0.21, leftLowerLeg 0.00
Acc_Bandage_Calf              96 ?            0.29 0.71 0.00     1.00     2  0.4055    195     1     1    n  rightLowerLeg 0.70, leftLowerLeg 0.29, rightFoot 0.01
Acc_Bandage_Ankle             96 ?            0.75 0.25 0.00     1.00     4  0.3362    150     1     1    n  leftLowerLeg 0.62, rightLowerLeg 0.22, leftFoot 0.13
Hair_Bun_L                   294 single       0.00 0.00 1.00     0.00     1  0.0000    161     3     0    y  head 1.00, Root 0.00, J_Sec_L_SkirtBack_end 0.00
Hair_Bun_R                   294 single       0.00 0.00 1.00     0.00     1  0.0000    161     3     0    y  head 1.00, Root 0.00, J_Sec_L_SkirtBack_end 0.00
Acc_Crown                     45 single       0.00 0.00 1.00     0.00     1  0.0000     92     1     0    y  head 1.00, Root 0.00, J_Sec_L_SkirtBack_end 0.00
Acc_HairClip_Plaster         136 single       0.00 0.00 1.00     0.00     1  0.0000     52     6     0    y  head 1.00, Root 0.00, J_Sec_L_SkirtBack_end 0.00
Acc_HairClip_Plaster*          8 single       0.00 0.00 1.00     0.00     1  0.0000     31     1     0    y  head 1.00, Root 0.00, J_Sec_L_SkirtBack_end 0.00
Acc_HairClip_Bear            130 single       0.00 0.00 1.00     0.00     1  0.0000     59     3     0    y  head 1.00, Root 0.00, J_Sec_L_SkirtBack_end 0.00
Acc_HairClip_Bear*            60 single       0.00 0.00 1.00     0.00     1  0.0000     17     3     0    y  head 1.00, Root 0.00, J_Sec_L_SkirtBack_end 0.00
Acc_HairClip_Bars             16 single       0.00 0.00 1.00     0.00     1  0.0000     44     2     0    y  head 1.00, Root 0.00, J_Sec_L_SkirtBack_end 0.00
