  wrote /Users/charles/portfolio/scripts/avatar/out/final-front.png
  wrote /Users/charles/portfolio/scripts/avatar/out/final-back.png
  wrote /Users/charles/portfolio/scripts/avatar/out/final-three_quarter.png
  wrote /Users/charles/portfolio/scripts/avatar/out/final-face.png
5. build the outfit（照 make.py 第 5 步，輸入為 09-01 的 out/proportioned.vrm 與 out/parts.json）
   Hair_Twintail_L 位移最大 172.1mm，新骨鏈 7 節
   Hair_Twintail_R 位移最大 173.7mm，新骨鏈 7 節
   服裝擬合 mellow.glb：縮放 x1.172，對位骨最大殘差 0.00mm
   大腿腿帶截面縮放 x=0.749 z=0.818，大腿直徑 94x111mm
   服裝擬合 mellow_outer.glb：縮放 x1.153，對位骨最大殘差 0.00mm
   貼身外推最大位移：Acc_Bandage_Thigh 8mm，Acc_Belt_Waist 24mm，Acc_Ribbon_Neck 12mm，Outfit_Bottom 19mm，Outfit_Cardigan 15mm，Outfit_Shoes 12mm，Outfit_Socks 18mm，Outfit_Top 19mm
   蝴蝶結對腰封最近距離 2mm
   丟掉動不了東西的 shape key：Side adjustment 平均 0.00mm
   服裝 shape key：(No bra)Breasts_Cow 6214 點/平均 5.2mm，Breast_big 7621 點/平均 6.7mm，Breast_small 5354 點/平均 5.7mm，Hutomomo_big 3839 點/平均 3.6mm，Hutomomo_slim 3843 點/平均 3.1mm，Waist_slim 14393 點/平均 0.6mm
   皇冠整體下沉 3mm 貼上髮面
   F00_000_00_Face_00 轉色相 +15.3° 飽和 x0.76 明度 x0.99 提亮 0.00
   F00_000_00_Body_00 轉色相 +4.3° 飽和 x0.62 明度 x0.95 提亮 0.00
   F00_000_00_EyeIris_00 轉色相 +156.4° 飽和 x0.32 明度 x1.00 提亮 0.16
   膚色 MToon 乘色 (0.96, 0.9, 0.87)，改了 2 個材質
   髮色 MToon 乘色 (0.92, 0.84, 0.8)，改了 4 個材質
   描邊統一為 (0.2, 0.162, 0.162)，改了 10 個材質，原本有 1 種：[(0.274509817, 0.09019608, 0.1254902)]
   邊光宣告為 (0.518, 0.784, 0.776)，寫進 14 個材質
   掃掉沒有網格用的材質 5 個：['Milfy_Bandage', 'Milfy_Cardigan', 'Milfy_Hair', 'Milfy_Ribbon', 'Milfy_Sock']
   +33 parts, 11896664 bytes, waist y=0.960
  gate build: compare=[] bones=54
6. health check
== /Users/charles/portfolio/scripts/avatar/out/mika-milfy.vrm
   tris 103116  materials 34  images 43  nodes 144  bones 54
   springs 4  colliders 2  blendShapeGroups 15
   Face.baked        10 prim    3158 tris  targets 56
   Body.baked        23 prim   86734 tris  targets 6
   Hair001.baked     73 prim   13224 tris  targets 0
   vertex sha 3881035dd0955b71
   backwards-wound primitives: 0
   coloured outlines: 0
   materials no primitive uses: 0
   materials out of step with materialProperties: 0
   sparse accessors with wrong min/max: 0
   meshes with uneven morph target counts: 0
   grafted shape keys that tear their mesh: 0
   materials with no rim colour: 0
   dangling joint references: 0
   collider groups no spring uses: 0
   compare(baseline, this) = []
   PASS
shipped /Users/charles/portfolio/public/avatar/mika-milfy.vrm
renders done
