wrote ['tails-no-colliders.vrm', 'tails-no-colliders.parts.json', 'skirt-on-hips.vrm', 'skirt-on-hips.parts.json']
C1 RED  restored=True
C2 RED  restored=True
C3 RED  restored=True
C4 RED  restored=True
C5 RED  restored=True
C6 RED  restored=True
C7 RED  restored=True
C8 RED  restored=True
C9 RED  restored=True
C10 RED  restored=True
C11 RED  restored=True
C12 RED  restored=True
C13 RED  restored=True
C14 RED  restored=True
C15 RED  restored=True
C16 RED  restored=True
C17 RED  restored=True
C19 GREEN (mutation NOT caught)  restored=True
C18 RED  restored=True
F1 RED  restored=True
E1 RED  restored=True
E2 RED  restored=True

| # | guard | result |
|---|---|---|
| C1 | springsim: the world crown is recorded per frame | RED |
| C2 | springsim: the crown is also projected through each frame's camera | RED |
| C3 | springsim: the camera stands on the side the body faces, by version | RED |
| C4 | springsim: hair inside the skin at rest (the roots) is left out of the body gate, or every clip reads the cap | RED |
| C5 | springsim.test: a skirt skinned wholly to the hips fails the skirt gate | RED |
| C6 | springsim.test: twintails with no colliders fail the coat gate (what the 2026-09-03 file did) | RED |
| C7 | crownBound: a browser sweep that drew the crown higher wins | RED |
| C8 | crownOn: the browser's fringe is added (squat's crownTop waiver stops being needed without it) | RED |
| C9 | crownOn: the crown is moved onto the measured body by its own resting crown (a taller body's crown rises with it) | RED |
| C10 | combineClearance: two producers on different rigs are refused | RED |
| C11 | combineClearance: a missing crownFringe is refused rather than defaulted | RED |
| C12 | rigSha: the producer writes the sha of the body it read, not the family's (the test's body is a scaled copy with another rig) | RED |
| C13 | measure-motions: the crown row is printed against each frame | RED |
| C14 | rigProbe.test: a composition change without a re-run of springsim --clearance is caught | RED |
| C15 | avatarVariants.test: every declared body is the rig its family names (both produced halves moved together, because a sha changed in one is refused by combineClearance first — C10) | RED |
| C16 | rigProbe.test: a crownTop waiver the clip does not need fails | RED |
| C17 | springsim: the skirt depth is recorded (the twin comparison reads -Infinity against -Infinity otherwise: NaN) | RED |
| C19 | crownSeen: a browser sweep above the derived crown is recorded (drop it and scratchHead's crownTop waiver stops being needed, which is itself a failure) | GREEN (mutation NOT caught) |
| C18 | springsim: the body depth is recorded (dance's line pins the measure's cap, so it notices the reading vanishing as well as shrinking) | RED |
| F1 | sampleTimes: the clip is walked at 60 Hz as well as at its keys (keys only, the dance's deepest fingertip reads 0.3004 instead of 0.1975 and the waiver is a third too loose) | RED |
| E1 | envelope.heights: the heights are read off the body, not typed in (and the committed envelope was swept over them) | RED |
| E2 | envelope.sweep: the legs are posed by the clips, not left at rest | RED |

### C1
```
$ npx vitest run /Users/charles/portfolio/scripts/avatar/springsim.test.ts -t the hop throws her hair well above its resting crown
 RUN  v3.2.6 /Users/charles/portfolio
 ❯ scripts/avatar/springsim.test.ts (6 tests | 1 failed | 5 skipped) 24013ms
   ↓ Milfy through the spring solver > dance: the tails stay outside the cardigan and out of her body
   ↓ Milfy through the spring solver > dance: the legs stay under the skirt
   ↓ Milfy through the spring solver > spin: the tails stay outside the cardigan and out of her body
   ↓ Milfy through the spring solver > spin: the legs stay under the skirt
   × Milfy through the spring solver > dance: the hop throws her hair well above its resting crown 5ms
     → crown @0.00s over rest: expected -Infinity to be greater than or equal to 0.05
   ↓ Milfy through the spring solver > a 1.0 export of the same body simulates the same
 Test Files  1 failed (1)
      Tests  1 failed | 5 skipped (6)
   Start at  20:11:30
   Duration  24.52s (transform 76ms, setup 42ms, collect 115ms, tests 24.01s, environment 238ms, prepare 25ms)
⎯⎯⎯⎯⎯⎯⎯ Failed Tests 1 ⎯⎯⎯⎯⎯⎯⎯
 FAIL  scripts/avatar/springsim.test.ts > Milfy through the spring solver > dance: the hop throws her hair well above its resting crown
AssertionError: crown @0.00s over rest: expected -Infinity to be greater than or equal to 0.05
 ❯ scripts/avatar/springsim.test.ts:130:81
    128|     // crownY the topmost vertex at any frame of the clip, springs inc…
    129|     expect(r.restCrownY, 'rest crown').toBeGreaterThan(1.5)
    130|     expect(r.crownY - r.restCrownY, `crown @${r.crownT.toFixed(2)}s ov…
       |                                                                                 ^
    131|     // And as the column's camera sees it: the hop comes toward the ca…
    132|     // the projected crown clears the projected rest by more still (20…
⎯⎯⎯⎯⎯⎯⎯⎯⎯⎯⎯⎯⎯⎯⎯⎯⎯⎯⎯⎯⎯⎯⎯⎯[1/1]⎯
```

### C2
```
$ npx vitest run /Users/charles/portfolio/scripts/avatar/springsim.test.ts -t the hop throws her hair well above its resting crown
 RUN  v3.2.6 /Users/charles/portfolio
 ❯ scripts/avatar/springsim.test.ts (6 tests | 1 failed | 5 skipped) 23317ms
   ↓ Milfy through the spring solver > dance: the tails stay outside the cardigan and out of her body
   ↓ Milfy through the spring solver > dance: the legs stay under the skirt
   ↓ Milfy through the spring solver > spin: the tails stay outside the cardigan and out of her body
   ↓ Milfy through the spring solver > spin: the legs stay under the skirt
   × Milfy through the spring solver > dance: the hop throws her hair well above its resting crown 5ms
     → projected crown over projected rest: expected -Infinity to be greater than or equal to 0.05
   ↓ Milfy through the spring solver > a 1.0 export of the same body simulates the same
 Test Files  1 failed (1)
      Tests  1 failed | 5 skipped (6)
   Start at  20:11:55
   Duration  23.84s (transform 75ms, setup 34ms, collect 112ms, tests 23.32s, environment 263ms, prepare 31ms)
⎯⎯⎯⎯⎯⎯⎯ Failed Tests 1 ⎯⎯⎯⎯⎯⎯⎯
 FAIL  scripts/avatar/springsim.test.ts > Milfy through the spring solver > dance: the hop throws her hair well above its resting crown
AssertionError: projected crown over projected rest: expected -Infinity to be greater than or equal to 0.05
 ❯ scripts/avatar/springsim.test.ts:134:100
    132|     // the projected crown clears the projected rest by more still (20…
    133|     // 1.7099 against 1.5881, and the browser drew 1.7112).
    134|     expect(r.crownScreen.column - r.restCrownScreen.column, 'projected…
       |                                                                                                    ^
    135|     expect(r.crownScreen.column, 'perspective lifts the hop').toBeGrea…
    136|   })
⎯⎯⎯⎯⎯⎯⎯⎯⎯⎯⎯⎯⎯⎯⎯⎯⎯⎯⎯⎯⎯⎯⎯⎯[1/1]⎯
```

### C3
```
$ npx vitest run /Users/charles/portfolio/scripts/avatar/springsim.test.ts -t a 1.0 export of the same body simulates the same
 RUN  v3.2.6 /Users/charles/portfolio
 ❯ scripts/avatar/springsim.test.ts (6 tests | 1 failed | 5 skipped) 40063ms
   ↓ Milfy through the spring solver > dance: the tails stay outside the cardigan and out of her body
   ↓ Milfy through the spring solver > dance: the legs stay under the skirt
   ↓ Milfy through the spring solver > spin: the tails stay outside the cardigan and out of her body
   ↓ Milfy through the spring solver > spin: the legs stay under the skirt
   ↓ Milfy through the spring solver > dance: the hop throws her hair well above its resting crown
   × Milfy through the spring solver > a 1.0 export of the same body simulates the same 16707ms
     → projected crown, 1.0 twin vs 0.x: expected 0.06732523745038099 to be less than or equal to 0.002
 Test Files  1 failed (1)
      Tests  1 failed | 5 skipped (6)
   Start at  20:12:20
   Duration  40.58s (transform 77ms, setup 36ms, collect 113ms, tests 40.06s, environment 248ms, prepare 31ms)
⎯⎯⎯⎯⎯⎯⎯ Failed Tests 1 ⎯⎯⎯⎯⎯⎯⎯
 FAIL  scripts/avatar/springsim.test.ts > Milfy through the spring solver > a 1.0 export of the same body simulates the same
AssertionError: projected crown, 1.0 twin vs 0.x: expected 0.06732523745038099 to be less than or equal to 0.002
 ❯ scripts/avatar/springsim.test.ts:160:104
    158|     expect(Math.abs(r.crownY - v0.crownY), 'crown, 1.0 twin vs 0.x').t…
    159|     // The camera stands on the side she faces, which the twin has tur…
    160|     expect(Math.abs(r.crownScreen.column - v0.crownScreen.column), 'pr…
       |                                                                                                        ^
    161|     expect(Math.abs(r.skirtDepthMm - v0.skirtDepthMm), 'skirt depth, 1…
    162|   }, 60_000)
⎯⎯⎯⎯⎯⎯⎯⎯⎯⎯⎯⎯⎯⎯⎯⎯⎯⎯⎯⎯⎯⎯⎯⎯[1/1]⎯
```

### C4
```
$ npx vitest run /Users/charles/portfolio/scripts/avatar/springsim.test.ts -t spin: the tails stay outside the cardigan and out of her body
 RUN  v3.2.6 /Users/charles/portfolio
 ❯ scripts/avatar/springsim.test.ts (6 tests | 1 failed | 5 skipped) 23939ms
   ↓ Milfy through the spring solver > dance: the tails stay outside the cardigan and out of her body
   ↓ Milfy through the spring solver > dance: the legs stay under the skirt
   × Milfy through the spring solver > spin: the tails stay outside the cardigan and out of her body 4ms
     → deepest into the body @2.10s: expected 49.849246143033135 to be less than or equal to 20
   ↓ Milfy through the spring solver > spin: the legs stay under the skirt
   ↓ Milfy through the spring solver > dance: the hop throws her hair well above its resting crown
   ↓ Milfy through the spring solver > a 1.0 export of the same body simulates the same
 Test Files  1 failed (1)
      Tests  1 failed | 5 skipped (6)
   Start at  20:13:01
   Duration  24.48s (transform 79ms, setup 38ms, collect 119ms, tests 23.94s, environment 264ms, prepare 31ms)
⎯⎯⎯⎯⎯⎯⎯ Failed Tests 1 ⎯⎯⎯⎯⎯⎯⎯
 FAIL  scripts/avatar/springsim.test.ts > Milfy through the spring solver > spin: the tails stay outside the cardigan and out of her body
AssertionError: deepest into the body @2.10s: expected 49.849246143033135 to be less than or equal to 20
 ❯ scripts/avatar/springsim.test.ts:106:85
    104|       const body = BODY_MM[clip]
    105|       if ('max' in body) {
    106|         expect(r.bodyDepthMm, `deepest into the body @${r.bodyWorstT.t…
       |                                                                                     ^
    107|       } else {
    108|         expect(r.bodyDepthMm, `body depth should still be pinned at th…
⎯⎯⎯⎯⎯⎯⎯⎯⎯⎯⎯⎯⎯⎯⎯⎯⎯⎯⎯⎯⎯⎯⎯⎯[1/1]⎯
```

### C5
```
$ npx vitest run /Users/charles/portfolio/scripts/avatar/springsim.test.ts -t the legs stay under the skirt  [SPRINGSIM_TEST_MODEL=/var/folders/cl/njr49bx900ddfl_cpmv9_xcw0000gn/T/clearance-mut-mkqz14xu/skirt-on-hips.vrm]
 RUN  v3.2.6 /Users/charles/portfolio
 ❯ scripts/avatar/springsim.test.ts (6 tests | 2 failed | 4 skipped) 22901ms
   ↓ Milfy through the spring solver > dance: the tails stay outside the cardigan and out of her body
   × Milfy through the spring solver > dance: the legs stay under the skirt 5ms
     → deepest leg through the skirt @8.70s: expected 48.85170394470631 to be less than or equal to 40
   ↓ Milfy through the spring solver > spin: the tails stay outside the cardigan and out of her body
   × Milfy through the spring solver > spin: the legs stay under the skirt 0ms
     → deepest leg t
[…]
test.ts > Milfy through the spring solver > dance: the legs stay under the skirt
AssertionError: deepest leg through the skirt @8.70s: expected 48.85170394470631 to be less than or equal to 40
 ❯ scripts/avatar/springsim.test.ts:121:93
    119|     it(`${clip}: the legs stay under the skirt`, () => {
    120|       const r = reports[clip]
    121|       expect(r.skirtDepthMm, `deepest leg through the skirt @${r.skirt…
       |                                                                                             ^
    122|     })
    123|   }
⎯⎯⎯⎯⎯⎯⎯⎯⎯⎯⎯⎯⎯⎯⎯⎯⎯⎯⎯⎯⎯⎯⎯⎯[1/2]⎯
 FAIL  scripts/avatar/springsim.test.ts > Milfy through the spring solver > spin: the legs stay under the skirt
AssertionError: deepest leg through the skirt @1.70s: expected 49.05150007606937 to be less than or equal to 40
 ❯ scripts/avatar/springsim.test.ts:121:93
    119|     it(`${clip}: the legs stay under the skirt`, () => {
    120|       const r = reports[clip]
    121|       expect(r.skirtDepthMm, `deepest leg through the skirt @${r.skirt…
       |                                                                                             ^
    122|     })
    123|   }
⎯⎯⎯⎯⎯⎯⎯⎯⎯⎯⎯⎯⎯⎯⎯⎯⎯⎯⎯⎯⎯⎯⎯⎯[2/2]⎯
```

### C6
```
$ npx vitest run /Users/charles/portfolio/scripts/avatar/springsim.test.ts -t dance: the tails stay outside the cardigan  [SPRINGSIM_TEST_MODEL=/var/folders/cl/njr49bx900ddfl_cpmv9_xcw0000gn/T/clearance-mut-mkqz14xu/tails-no-colliders.vrm]
 RUN  v3.2.6 /Users/charles/portfolio
 ❯ scripts/avatar/springsim.test.ts (6 tests | 1 failed | 5 skipped) 23500ms
   × Milfy through the spring solver > dance: the tails stay outside the cardigan and out of her body 5ms
     → at rest, inside the coat: expected 53.862027034558196 to be less than or equal to 5
   ↓ Milfy through the spring solver > dance: the legs stay under the skirt
   ↓ Milfy through the spring solver > spin: the tails stay outside the cardigan and out of her body
   ↓ Milfy through the spring solver > spin: the legs stay under the skirt
   ↓ Milfy through the spring solver > dance: the hop throws her hair well above its resting crown
   ↓ Milfy through the spring solver > a 1.0 export of the same body simulates the same
 Test Files  1 failed (1)
      Tests  1 failed | 5 skipped (6)
   Start at  20:13:51
   Duration  24.03s (transform 75ms, setup 37ms, collect 114ms, tests 23.50s, environment 261ms, prepare 31ms)
⎯⎯⎯⎯⎯⎯⎯ Failed Tests 1 ⎯⎯⎯⎯⎯⎯⎯
 FAIL  scripts/avatar/springsim.test.ts > Milfy through the spring solver > dance: the tails stay outside the cardigan and out of her body
AssertionError: at rest, inside the coat: expected 53.862027034558196 to be less than or equal to 5
 ❯ scripts/avatar/springsim.test.ts:101:61
     99|     it(`${clip}: the tails stay outside the cardigan and out of her bo…
    100|       const r = reports[clip]
    101|       expect(r.restCoatDepthMm, 'at rest, inside the coat').toBeLessTh…
       |                                                             ^
    102|       expect(r.coatDepthMm, `deepest into the coat @${r.coatWorstT.toF…
    103|       expect(r.coatAtWorst, 'share of the tail ≥5mm inside at the wors…
⎯⎯⎯⎯⎯⎯⎯⎯⎯⎯⎯⎯⎯⎯⎯⎯⎯⎯⎯⎯⎯⎯⎯⎯[1/1]⎯
```

### C7
```
$ npx vitest run /Users/charles/portfolio/src/components/chat/clearance.test.ts -t transfers a clip crown onto another body
 RUN  v3.2.6 /Users/charles/portfolio
 ❯ src/components/chat/clearance.test.ts (13 tests | 1 failed | 12 skipped) 4ms
   ↓ clearance producers > measure-motions --write records the rig it measured
   ↓ every body of the family, not only the one that was simulated > is one simulation because the two VRoid bodies are one geometry
   ↓ every body of the family, not only the one that was simulated > carries every simulated body into the crown it hands out
   ↓ every body of the family, not only the one that was simulated > has the pan it needs by the time the crown gets there, not only at rest
   
[…]
outside the range
   ↓ combineClearance > lets a waiver raise a frame edge and never lower one
   × combineClearance > transfers a clip crown onto another body by its own resting crown 4ms
     → expected 1.7442 to be 1.9 // Object.is equality
 Test Files  1 failed (1)
      Tests  1 failed | 12 skipped (13)
   Start at  20:14:15
   Duration  474ms (transform 55ms, setup 34ms, collect 78ms, tests 4ms, environment 250ms, prepare 29ms)
⎯⎯⎯⎯⎯⎯⎯ Failed Tests 1 ⎯⎯⎯⎯⎯⎯⎯
 FAIL  src/components/chat/clearance.test.ts > combineClearance > transfers a clip crown onto another body by its own resting crown
AssertionError: expected 1.7442 to be 1.9 // Object.is equality
[32m- Expected[39m
[31m+ Received[39m
[32m- 1.9[39m
[31m+ 1.7442[39m
 ❯ src/components/chat/clearance.test.ts:438:54
    436|     // a browser sweep that drew it higher wins, per frame
    437|     const seen = combineClearance(measured, simulated, { ...decisions,…
    438|     expect(crownBound(seen, 'dance', 'column', 1.6)).toBe(1.9)
       |                                                      ^
    439|     expect(crownBound(seen, 'dance', 'waistUp', 1.6)).toBeCloseTo(crow…
    440|   })
⎯⎯⎯⎯⎯⎯⎯⎯⎯⎯⎯⎯⎯⎯⎯⎯⎯⎯⎯⎯⎯⎯⎯⎯[1/1]⎯
```

### C8
```
$ npx vitest run /Users/charles/portfolio/src/components/chat/rigProbe.test.ts -t squat stays inside every frame it declares
 RUN  v3.2.6 /Users/charles/portfolio
 ❯ src/components/chat/rigProbe.test.ts (196 tests | 1 failed | 194 skipped) 414ms
   ↓ rigProbe > rebuilds the shipped model rest pose it is going to measure against
   ↓ rigProbe > accepts a VRM 1.0 twin of the shipped body and reads the same rest pose off it
   ↓ rigProbe > sees a fingertip inside her skull (the retired cheekPoke pose)
   ↓ rigProbe > sees a peace sign whose palm faces away (the retired mirrored wrist twist)
   ↓ rigProbe > reports a resting arm as straight and a folded one as flexed
   ↓ guard sensitivity > sees a hand that leaves the 
[…]
s a 1.0 expression bind through the node it names to that node's mesh
   ↓ three-vrm humanoid rig > reads a finger skin radius off the mesh that covers the hand-measured margin
   ↓ three-vrm humanoid rig > reads the same finger radius again as one bone of the sideways allowance
   ↓ three-vrm humanoid rig > refuses to measure a reach for a bone it has no skin radius for
 Test Files  1 failed (1)
      Tests  1 failed | 1 passed | 194 skipped (196)
   Start at  20:14:16
   Duration  799ms (transform 71ms, setup 23ms, collect 111ms, tests 414ms, environment 143ms, prepare 26ms)
⎯⎯⎯⎯⎯⎯⎯ Failed Tests 1 ⎯⎯⎯⎯⎯⎯⎯
 FAIL  src/components/chat/rigProbe.test.ts > bundled motions on 'vroid-sample-b' > squat stays inside every frame it declares
AssertionError: squat declares a crownTop waiver it does not need: expected -0.0013012408654178298 to be greater than 0
 ❯ src/components/chat/rigProbe.test.ts:723:80
    721|     }
    722|     if (crownBudget !== undefined) {
    723|       expect(crownPast, `${name} declares a crownTop waiver it does no…
       |                                                                                ^
    724|     }
    725|   })
⎯⎯⎯⎯⎯⎯⎯⎯⎯⎯⎯⎯⎯⎯⎯⎯⎯⎯⎯⎯⎯⎯⎯⎯[1/1]⎯
```

### C9
```
$ npx vitest run /Users/charles/portfolio/scripts/measure-motions.test.ts -t reports the derived crown against the top edge
 RUN  v3.2.6 /Users/charles/portfolio
 ❯ scripts/measure-motions.test.ts (7 tests | 1 failed | 6 skipped) 9278ms
   ↓ measure-motions > reports the shipped body as fitting, waiver and all
   ↓ measure-motions > recognises the face waiver dance already ships with
   ↓ measure-motions > reports the face box and the finger skin it read off the body
   ↓ measure-motions > says no when the same clips are asked to run on a taller body
   ↓ measure-motions > counts exactly the violations it printed
   × measure-motions > reports the derived crown against the top edge 4ms
     → expected '模型　　/var/fol
[…]
545，上限 1.0500。
── dance　（waistUp、column）
   waistUp  往畫面左邊伸　0.9542　預算 0.7415　餘裕 -212.7mm
   waistUp  往畫面右邊伸　0.8742　預算 0.7415　餘裕 -132.7mm
   waistUp  手的皮膚頂端　2.0054　預算 1.8022　餘裕 -203.2mm
   waistUp  髖部最低　　1.0159　下緣 0.6978　餘裕  318.0mm
   waistUp  髮頂　1.7244　上緣 1.8022　餘裕  77.8mm（模擬投影 1.7000，換到這具身體 560.0mm，瀏覽器邊緣 1.5mm）
   column   往畫面左邊伸　0.9542　預算 0.7415　餘裕 -212.6mm
   column   往畫面右邊伸　0.8742　預算 0.7415　餘裕 -132.7mm
   column   手的皮膚頂端　2.0054　預算 1.7420　餘裕 -263.3mm
   column   髖部最低　　1.0159　下緣 0.5700　餘裕  445.9mm
   column   髮頂　1.7389　上緣 1.7420　餘裕  3.1mm（模擬投影 1.7087，換到這具身體 560.0mm，瀏覽器邊緣 1.5mm）
   手在臉裡但在放行範圍內　0.197（下限 0.190，t=8.22s）
   頭尾站得住　髖部下沉 63.5mm（上限 80.0mm）
   ⚠ 頭尾站在旁邊：髖部離中線 189.2mm，上限 150.0mm，已放行。淡入淡出要橫跨這段距離。
   ⚠ 頭尾手還舉著：手腕 1.6033，上限 1.1900，已放行。
32 項超出預算。上面每一列都指名是哪支動作、哪個構圖、哪個方向。
這不代表動作壞了，代表這具身體跟現有的構圖數字不相容：
要嘛調構圖（avatarMode.ts 的 framing），要嘛那支動作不給這具身體用。"
 ❯ scripts/measure-motions.test.ts:174:24
    172|     // A 35% taller body carries its crown up with it; the frame does …
    173|     const tallerText = taller.lines.join('\n')
    174|     expect(tallerText).toMatch(/髮頂　2\.\d{4}　上緣 1\.7420.*餘裕 -\d/)
       |                        ^
    175|   })
    176| 
⎯⎯⎯⎯⎯⎯⎯⎯⎯⎯⎯⎯⎯⎯⎯⎯⎯⎯⎯⎯⎯⎯⎯⎯[1/1]⎯
```

### C10
```
$ npx vitest run /Users/charles/portfolio/src/components/chat/clearance.test.ts -t pairs two producers only on the same rig
 RUN  v3.2.6 /Users/charles/portfolio
 ❯ src/components/chat/clearance.test.ts (13 tests | 1 failed | 12 skipped) 4ms
   ↓ clearance producers > measure-motions --write records the rig it measured
   ↓ every body of the family, not only the one that was simulated > is one simulation because the two VRoid bodies are one geometry
   ↓ every body of the family, not only the one that was simulated > carries every simulated body into the crown it hands out
   ↓ every body of the family, not only the one that was simulated > has the pan it needs by the time the crown gets there, not only at rest
   
[…]
pan that its own rounding puts outside the range
   ↓ combineClearance > lets a waiver raise a frame edge and never lower one
   ↓ combineClearance > transfers a clip crown onto another body by its own resting crown
 Test Files  1 failed (1)
      Tests  1 failed | 12 skipped (13)
   Start at  20:14:28
   Duration  348ms (transform 56ms, setup 24ms, collect 80ms, tests 4ms, environment 141ms, prepare 25ms)
⎯⎯⎯⎯⎯⎯⎯ Failed Tests 1 ⎯⎯⎯⎯⎯⎯⎯
 FAIL  src/components/chat/clearance.test.ts > combineClearance > pairs two producers only on the same rig
AssertionError: expected [Function] to throw an error
[32m- Expected:[39m 
null
[31m+ Received:[39m 
undefined
 ❯ src/components/chat/clearance.test.ts:318:90
    316|     expect(file.clips.dance.crownY).toBe(1.6647)
    317|     expect(file.clips.dance.faceRatio).toBe(0.3)
    318|     expect(() => combineClearance(measured, { ...simulated, rigSha: 'x…
       |                                                                                          ^
    319|     expect(() => combineClearance(measured, { ...simulated, family: 'g…
    320|     expect(() => combineClearance(measured, { ...simulated, clips: {} …
⎯⎯⎯⎯⎯⎯⎯⎯⎯⎯⎯⎯⎯⎯⎯⎯⎯⎯⎯⎯⎯⎯⎯⎯[1/1]⎯
```

### C11
```
$ npx vitest run /Users/charles/portfolio/src/components/chat/clearance.test.ts -t refuses a missing browser fringe
 RUN  v3.2.6 /Users/charles/portfolio
 ❯ src/components/chat/clearance.test.ts (13 tests | 1 failed | 12 skipped) 4ms
   ↓ clearance producers > measure-motions --write records the rig it measured
   ↓ every body of the family, not only the one that was simulated > is one simulation because the two VRoid bodies are one geometry
   ↓ every body of the family, not only the one that was simulated > carries every simulated body into the crown it hands out
   ↓ every body of the family, not only the one that was simulated > has the pan it needs by the time the crown gets there, not only at rest
   
[…]
 ↓ combineClearance > measures the pan against the fov the file was produced under
   ↓ combineClearance > refuses a pan that its own rounding puts outside the range
   ↓ combineClearance > lets a waiver raise a frame edge and never lower one
   ↓ combineClearance > transfers a clip crown onto another body by its own resting crown
 Test Files  1 failed (1)
      Tests  1 failed | 12 skipped (13)
   Start at  20:14:28
   Duration  354ms (transform 60ms, setup 23ms, collect 84ms, tests 4ms, environment 143ms, prepare 25ms)
⎯⎯⎯⎯⎯⎯⎯ Failed Tests 1 ⎯⎯⎯⎯⎯⎯⎯
 FAIL  src/components/chat/clearance.test.ts > combineClearance > refuses a missing browser fringe rather than defaulting it
AssertionError: expected [Function] to throw an error
[32m- Expected:[39m 
null
[31m+ Received:[39m 
undefined
 ❯ src/components/chat/clearance.test.ts:368:62
    366|     // record of whether anyone ever checked it against a drawn pixel.
    367|     const bad = { ...decisions, crownFringe: Number.NaN }
    368|     expect(() => combineClearance(measured, simulated, bad)).toThrow(/…
       |                                                              ^
    369|   })
    370| 
⎯⎯⎯⎯⎯⎯⎯⎯⎯⎯⎯⎯⎯⎯⎯⎯⎯⎯⎯⎯⎯⎯⎯⎯[1/1]⎯
```

### C12
```
$ npx vitest run /Users/charles/portfolio/src/components/chat/clearance.test.ts -t measure-motions --write records the rig it measured
 RUN  v3.2.6 /Users/charles/portfolio
 ❯ src/components/chat/clearance.test.ts (13 tests | 1 failed | 12 skipped) 2450ms
   × clearance producers > measure-motions --write records the rig it measured 2449ms
     → expected 'e2aad79ec6667a5529934359339a6a08a29f7…' to be 'c022f36a1d2f3e1ffd1fc96a5256ec9cf8410…' // Object.is equality
   ↓ every body of the family, not only the one that was simulated > is one simulation because the two VRoid bodies are one geometry
   ↓ every body of the family, not only the one that was simulated > carries every simulated body into the crown it hands out
   ↓ eve
[…]
 edge and never lower one
   ↓ combineClearance > transfers a clip crown onto another body by its own resting crown
 Test Files  1 failed (1)
      Tests  1 failed | 12 skipped (13)
   Start at  20:14:29
   Duration  2.81s (transform 60ms, setup 23ms, collect 91ms, tests 2.45s, environment 144ms, prepare 26ms)
⎯⎯⎯⎯⎯⎯⎯ Failed Tests 1 ⎯⎯⎯⎯⎯⎯⎯
 FAIL  src/components/chat/clearance.test.ts > clearance producers > measure-motions --write records the rig it measured
AssertionError: expected 'e2aad79ec6667a5529934359339a6a08a29f7…' to be 'c022f36a1d2f3e1ffd1fc96a5256ec9cf8410…' // Object.is equality
Expected: [32m"c022f36a1d2f3e1ffd1fc96a5256ec9cf84104ce1250764e77a8fe95e07cf1f3"[39m
Received: [31m"e2aad79ec6667a5529934359339a6a08a29f73fe8a51f5cc6d4d702e137c1b45"[39m
 ❯ src/components/chat/clearance.test.ts:96:29
     94|     expect(MEASURED.family).toBe('probe')
     95|     // This body's own rig, which is not the family's.
     96|     expect(MEASURED.rigSha).toBe(sha256(rigOf(body.json)))
       |                             ^
     97|     expect(MEASURED.rigSha).not.toBe(CLEARANCE.rigSha)
     98|     // Outside public/, the path is recorded as given.
⎯⎯⎯⎯⎯⎯⎯⎯⎯⎯⎯⎯⎯⎯⎯⎯⎯⎯⎯⎯⎯⎯⎯⎯[1/1]⎯
```

### C13
```
$ npx vitest run /Users/charles/portfolio/scripts/measure-motions.test.ts -t reports the derived crown against the top edge
 RUN  v3.2.6 /Users/charles/portfolio
 ❯ scripts/measure-motions.test.ts (7 tests | 1 failed | 6 skipped) 9298ms
   ↓ measure-motions > reports the shipped body as fitting, waiver and all
   ↓ measure-motions > recognises the face waiver dance already ships with
   ↓ measure-motions > reports the face box and the finger skin it read off the body
   ↓ measure-motions > says no when the same clips are asked to run on a taller body
   ↓ measure-motions > counts exactly the violations it printed
   × measure-motions > reports the derived crown against the top edge 3ms
     → expected '模型　　public/a
[…]
n）
   waistUp  往畫面左邊伸　0.7068　預算 0.7415　餘裕  34.7mm
   waistUp  往畫面右邊伸　0.6476　預算 0.7415　餘裕  93.9mm
   waistUp  手的皮膚頂端　1.4886　預算 1.8022　餘裕  313.6mm
   waistUp  髖部最低　　0.7525　下緣 0.6978　餘裕  54.7mm
   waistUp  ⚠ 髮頂沒有量：沒有 clearance 檔可以對上緣
   column   往畫面左邊伸　0.7068　預算 0.7415　餘裕  34.8mm
   column   往畫面右邊伸　0.6476　預算 0.7415　餘裕  94.0mm
   column   手的皮膚頂端　1.4886　預算 1.7420　餘裕  253.5mm
   column   髖部最低　　0.7525　下緣 0.5700　餘裕  182.5mm
   column   ⚠ 髮頂沒有量：沒有 clearance 檔可以對上緣
   手在臉裡但在放行範圍內　0.197（下限 0.190，t=8.22s）
   頭尾站得住　髖部下沉 47.1mm（上限 80.0mm）
   頭尾站得正　髖部離中線 140.2mm（上限 150.0mm，已放行）
   頭尾手垂著　手腕 1.1877（上限 1.1900，已放行）
18 項超出預算。上面每一列都指名是哪支動作、哪個構圖、哪個方向。
這不代表動作壞了，代表這具身體跟現有的構圖數字不相容：
要嘛調構圖（avatarMode.ts 的 framing），要嘛那支動作不給這具身體用。"
 ❯ scripts/measure-motions.test.ts:170:25
    168|     // simulated in their own right for the first time and turned out …
    169|     // this clip 13mm higher than the Milfy body it had been transferr…
    170|     expect(shippedText).toMatch(/column\s+髮頂　1\.7\d{3}　上緣 1\.7420.*餘裕 …
       |                         ^
    171|     expect(shippedText).not.toContain('推導不出來')
    172|     // A 35% taller body carries its crown up with it; the frame does …
⎯⎯⎯⎯⎯⎯⎯⎯⎯⎯⎯⎯⎯⎯⎯⎯⎯⎯⎯⎯⎯⎯⎯⎯[1/1]⎯
```

### C14
```
$ npx vitest run /Users/charles/portfolio/src/components/chat/rigProbe.test.ts -t was simulated under the composition the engine uses today
 RUN  v3.2.6 /Users/charles/portfolio
 ❯ src/components/chat/rigProbe.test.ts (196 tests | 2 failed | 194 skipped) 6ms
   ↓ rigProbe > rebuilds the shipped model rest pose it is going to measure against
   ↓ rigProbe > accepts a VRM 1.0 twin of the shipped body and reads the same rest pose off it
   ↓ rigProbe > sees a fingertip inside her skull (the retired cheekPoke pose)
   ↓ rigProbe > sees a peace sign whose palm faces away (the retired mirrored wrist twist)
   ↓ rigProbe > reports a resting arm as straight and a folded one as flexed
   ↓ guard sensitivity > sees a hand that leaves the fr
[…]
ed (1)
      Tests  2 failed | 194 skipped (196)
   Start at  20:14:43
   Duration  382ms (transform 68ms, setup 23ms, collect 104ms, tests 6ms, environment 143ms, prepare 25ms)
⎯⎯⎯⎯⎯⎯⎯ Failed Tests 2 ⎯⎯⎯⎯⎯⎯⎯
 FAIL  src/components/chat/rigProbe.test.ts > bundled motions on 'vroid-sample-b' > was simulated under the composition the engine uses today
 FAIL  src/components/chat/rigProbe.test.ts > bundled motions on 'vrm1-twist-sample' > was simulated under the composition the engine uses today
AssertionError: expected { distance: 2.441, lookAtY: 1.016 } to deeply equal { distance: 2.441, lookAtY: 1.02 }
[32m- Expected[39m
[31m+ Received[39m
[2m  {[22m
[2m    "distance": 2.441,[22m
[32m-   "lookAtY": 1.02,[39m
[31m+   "lookAtY": 1.016,[39m
[2m  }[22m
 ❯ src/components/chat/rigProbe.test.ts:565:29
    563|     expect(f.tilt).toBe(AVATAR_CAMERA_TILT)
    564|     expect(f.frames.waistUp).toEqual(AVATAR_FRAMING_DEFAULT)
    565|     expect(f.frames.column).toEqual(AVATAR_FRAMING_COLUMN)
       |                             ^
    566|     for (const name of names) {
    567|       expect(f.pans[name] ?? null, `${name} pan when the clearance was…
⎯⎯⎯⎯⎯⎯⎯⎯⎯⎯⎯⎯⎯⎯⎯⎯⎯⎯⎯⎯⎯⎯⎯⎯[1/2]⎯
```

### C15
```
$ npx vitest run /Users/charles/portfolio/src/components/chat/avatarVariants.test.ts -t gives every variant the rig its own family was measured on
 RUN  v3.2.6 /Users/charles/portfolio
 ❯ src/components/chat/avatarVariants.test.ts (11 tests | 1 failed | 10 skipped) 14ms
   ↓ avatar variants > resolves the active variant by default
   ↓ avatar variants > refuses an id it does not know instead of quietly using the default
   ↓ avatar variants > declares only files that are actually served
   ↓ avatar variants > gives every variant its own id
   ↓ avatar variants > gives every variant its own url
   × avatar variants > gives every variant the rig its own family was measured on 14ms
     → pink is not the rig family vroid-sample-b was measur
[…]
iles  1 failed (1)
      Tests  1 failed | 10 skipped (11)
   Start at  20:14:44
   Duration  363ms (transform 53ms, setup 23ms, collect 80ms, tests 14ms, environment 144ms, prepare 24ms)
⎯⎯⎯⎯⎯⎯⎯ Failed Tests 1 ⎯⎯⎯⎯⎯⎯⎯
 FAIL  src/components/chat/avatarVariants.test.ts > avatar variants > gives every variant the rig its own family was measured on
AssertionError: pink is not the rig family vroid-sample-b was measured on: expected 'e2aad79ec6667a5529934359339a6a08a29f7…' to be '0000000000000000000000000000000000000…' // Object.is equality
Expected: [32m"0000000000000000000000000000000000000000000000000000000000000000"[39m
Received: [31m"e2aad79ec6667a5529934359339a6a08a29f73fe8a51f5cc6d4d702e137c1b45"[39m
 ❯ src/components/chat/avatarVariants.test.ts:105:80
    103|       expect(Object.keys(readHumanoid(doc).bones).length).toBeGreaterT…
    104|       const sha = createHash('sha256').update(rigOf(doc)).digest('hex')
    105|       expect(sha, `${v.id} is not the rig family ${v.family} was measu…
       |                                                                                ^
    106|         AVATAR_FAMILIES[v.family].rigSha,
    107|       )
⎯⎯⎯⎯⎯⎯⎯⎯⎯⎯⎯⎯⎯⎯⎯⎯⎯⎯⎯⎯⎯⎯⎯⎯[1/1]⎯
```

### C16
```
$ npx vitest run /Users/charles/portfolio/src/components/chat/rigProbe.test.ts -t akimbo stays inside every frame it declares
 RUN  v3.2.6 /Users/charles/portfolio
 ❯ src/components/chat/rigProbe.test.ts (196 tests | 1 failed | 194 skipped) 418ms
   ↓ rigProbe > rebuilds the shipped model rest pose it is going to measure against
   ↓ rigProbe > accepts a VRM 1.0 twin of the shipped body and reads the same rest pose off it
   ↓ rigProbe > sees a fingertip inside her skull (the retired cheekPoke pose)
   ↓ rigProbe > sees a peace sign whose palm faces away (the retired mirrored wrist twist)
   ↓ rigProbe > reports a resting arm as straight and a folded one as flexed
   ↓ guard sensitivity > sees a hand that leaves the 
[…]
a 1.0 expression bind through the node it names to that node's mesh
   ↓ three-vrm humanoid rig > reads a finger skin radius off the mesh that covers the hand-measured margin
   ↓ three-vrm humanoid rig > reads the same finger radius again as one bone of the sideways allowance
   ↓ three-vrm humanoid rig > refuses to measure a reach for a bone it has no skin radius for
 Test Files  1 failed (1)
      Tests  1 failed | 1 passed | 194 skipped (196)
   Start at  20:14:44
   Duration  799ms (transform 70ms, setup 23ms, collect 107ms, tests 418ms, environment 142ms, prepare 25ms)
⎯⎯⎯⎯⎯⎯⎯ Failed Tests 1 ⎯⎯⎯⎯⎯⎯⎯
 FAIL  src/components/chat/rigProbe.test.ts > bundled motions on 'vroid-sample-b' > akimbo stays inside every frame it declares
AssertionError: akimbo declares a crownTop waiver it does not need: expected -0.0012012408654178408 to be greater than 0
 ❯ src/components/chat/rigProbe.test.ts:723:80
    721|     }
    722|     if (crownBudget !== undefined) {
    723|       expect(crownPast, `${name} declares a crownTop waiver it does no…
       |                                                                                ^
    724|     }
    725|   })
⎯⎯⎯⎯⎯⎯⎯⎯⎯⎯⎯⎯⎯⎯⎯⎯⎯⎯⎯⎯⎯⎯⎯⎯[1/1]⎯
```

### C17
```
$ npx vitest run /Users/charles/portfolio/scripts/avatar/springsim.test.ts -t a 1.0 export of the same body simulates the same
 RUN  v3.2.6 /Users/charles/portfolio
 ❯ scripts/avatar/springsim.test.ts (6 tests | 1 failed | 5 skipped) 40082ms
   ↓ Milfy through the spring solver > dance: the tails stay outside the cardigan and out of her body
   ↓ Milfy through the spring solver > dance: the legs stay under the skirt
   ↓ Milfy through the spring solver > spin: the tails stay outside the cardigan and out of her body
   ↓ Milfy through the spring solver > spin: the legs stay under the skirt
   ↓ Milfy through the spring solver > dance: the hop throws her hair well above its resting crown
   × Milfy through the spring solver > a 1.0 export of the same body simulates the same 16797ms
     → skirt depth, 1.0 twin vs 0.x: expected NaN to be less than or equal to 2
 Test Files  1 failed (1)
      Tests  1 failed | 5 skipped (6)
   Start at  20:14:46
   Duration  40.47s (transform 73ms, setup 23ms, collect 110ms, tests 40.08s, environment 141ms, prepare 26ms)
⎯⎯⎯⎯⎯⎯⎯ Failed Tests 1 ⎯⎯⎯⎯⎯⎯⎯
 FAIL  scripts/avatar/springsim.test.ts > Milfy through the spring solver > a 1.0 export of the same body simulates the same
AssertionError: skirt depth, 1.0 twin vs 0.x: expected NaN to be less than or equal to 2
 ❯ scripts/avatar/springsim.test.ts:161:88
    159|     // The camera stands on the side she faces, which the twin has tur…
    160|     expect(Math.abs(r.crownScreen.column - v0.crownScreen.column), 'pr…
    161|     expect(Math.abs(r.skirtDepthMm - v0.skirtDepthMm), 'skirt depth, 1…
       |                                                                                        ^
    162|   }, 60_000)
    163| })
⎯⎯⎯⎯⎯⎯⎯⎯⎯⎯⎯⎯⎯⎯⎯⎯⎯⎯⎯⎯⎯⎯⎯⎯[1/1]⎯
```

### C19
```
$ npx vitest run /Users/charles/portfolio/src/components/chat/rigProbe.test.ts -t scratchHead stays inside every frame it declares
 RUN  v3.2.6 /Users/charles/portfolio
 ✓ src/components/chat/rigProbe.test.ts (196 tests | 194 skipped) 236ms
 Test Files  1 passed (1)
      Tests  2 passed | 194 skipped (196)
   Start at  20:15:28
   Duration  611ms (transform 69ms, setup 23ms, collect 105ms, tests 236ms, environment 143ms, prepare 25ms)
```

### C18
```
$ npx vitest run /Users/charles/portfolio/scripts/avatar/springsim.test.ts -t dance: the tails stay outside the cardigan
 RUN  v3.2.6 /Users/charles/portfolio
 ❯ scripts/avatar/springsim.test.ts (6 tests | 1 failed | 5 skipped) 23262ms
   × Milfy through the spring solver > dance: the tails stay outside the cardigan and out of her body 4ms
     → body depth should still be pinned at the measure's cap: expected -Infinity to be close to 50, received difference is Infinity, but expected 0.05
   ↓ Milfy through the spring solver > dance: the legs stay under the skirt
   ↓ Milfy through the spring solver > spin: the tails stay outside the cardigan and out of her body
   ↓ Milfy through the spring solver > spin: the legs stay under the skirt
   ↓ Milfy through the spring solver > dance: the hop throws her hair well above its resting crown
   ↓ Milfy through the spring solver > a 1.0 export of the same body simulates the same
 Test Files  1 failed (1)
      Tests  1 failed | 5 skipped (6)
   Start at  20:15:29
   Duration  23.65s (transform 75ms, setup 23ms, collect 112ms, tests 23.26s, environment 144ms, prepare 25ms)
⎯⎯⎯⎯⎯⎯⎯ Failed Tests 1 ⎯⎯⎯⎯⎯⎯⎯
 FAIL  scripts/avatar/springsim.test.ts > Milfy through the spring solver > dance: the tails stay outside the cardigan and out of her body
AssertionError: body depth should still be pinned at the measure's cap: expected -Infinity to be close to 50, received difference is Infinity, but expected 0.05
 ❯ scripts/avatar/springsim.test.ts:108:89
    106|         expect(r.bodyDepthMm, `deepest into the body @${r.bodyWorstT.t…
    107|       } else {
    108|         expect(r.bodyDepthMm, `body depth should still be pinned at th…
       |                                                                                         ^
    109|       }
    110|       expect(r.jumpDeg, `largest one-frame turn (${r.jumpBone} @${r.ju…
⎯⎯⎯⎯⎯⎯⎯⎯⎯⎯⎯⎯⎯⎯⎯⎯⎯⎯⎯⎯⎯⎯⎯⎯[1/1]⎯
```

### F1
```
$ npx vitest run /Users/charles/portfolio/scripts/measure-motions.test.ts -t recognises the face waiver dance already ships with
 RUN  v3.2.6 /Users/charles/portfolio
 ❯ scripts/measure-motions.test.ts (7 tests | 1 failed | 6 skipped) 3970ms
   ↓ measure-motions > reports the shipped body as fitting, waiver and all
   × measure-motions > recognises the face waiver dance already ships with 3ms
     → expected '   手在臉裡但在放行範圍內　0.300（下限 0.190，t=8.23s）' to match /0\.19[5-9].*下限 0\.190/
   ↓ measure-motions > reports the face box and the finger skin it read off the body
   ↓ measure-motions > says no when the same clips are asked to run on a taller body
   ↓ measure-motions > counts exactly the violations it printed
   ↓ measure-motions > reports the derived crown against the top edge
   ↓ measure-motions > lets a waiver raise the top edge it reports against, never lower it
 Test Files  1 failed (1)
      Tests  1 failed | 6 skipped (7)
   Start at  20:15:53
   Duration  4.47s (transform 72ms, setup 35ms, collect 107ms, tests 3.97s, environment 249ms, prepare 30ms)
⎯⎯⎯⎯⎯⎯⎯ Failed Tests 1 ⎯⎯⎯⎯⎯⎯⎯
 FAIL  scripts/measure-motions.test.ts > measure-motions > recognises the face waiver dance already ships with
AssertionError: expected '   手在臉裡但在放行範圍內　0.300（下限 0.190，t=8.23s）' to match /0\.19[5-9].*下限 0\.190/
[32m- Expected:[39m 
/0\.19[5-9].*下限 0\.190/
[31m+ Received:[39m 
"   手在臉裡但在放行範圍內　0.300（下限 0.190，t=8.23s）"
 ❯ scripts/measure-motions.test.ts:116:18
    114|     const line = shipped.lines.find((l) => l.includes('放行範圍內'))
    115|     expect(line, '找不到 dance 的放行說明').toBeDefined()
    116|     expect(line).toMatch(/0\.19[5-9].*下限 0\.190/)
       |                  ^
    117|   })
    118| 
⎯⎯⎯⎯⎯⎯⎯⎯⎯⎯⎯⎯⎯⎯⎯⎯⎯⎯⎯⎯⎯⎯⎯⎯[1/1]⎯
```

### E1
```
$ python3 -W ignore -m unittest -q scripts.avatar.envelope_test.Heights
======================================================================
FAIL: test_follow_the_body (scripts.avatar.envelope_test.Heights.test_follow_the_body)
----------------------------------------------------------------------
Traceback (most recent call last):
  File "/Users/charles/portfolio/scripts/avatar/envelope_test.py", line 49, in test_follow_the_body
    self.assertAlmostEqual(tall[0], 0.68, places=3)
    ~~~~~~~~~~~~~~~~~~~~~~^^^^^^^^^^^^^^^^^^^^^^^^^
AssertionError: np.float64(0.6) != 0.68 within 3 places (np.float64(0.08000000000000007) difference)
===============================
[…]
^^^^^^^^^^^^^^^^^^^^^^^^^^^
                         verbose=verbose, header=header, equal_nan=equal_nan,
                         ^^^^^^^^^^^^^^^^^^^^^^^^^^^^^^^^^^^^^^^^^^^^^^^^^^^^
                         strict=strict)
                         ^^^^^^^^^^^^^^
  File "/opt/homebrew/lib/python3.14/site-packages/numpy/testing/_private/utils.py", line 842, in assert_array_compare
    raise AssertionError(msg)
AssertionError: 
Not equal to tolerance rtol=1e-07, atol=1e-06
(shapes (43,), (41,) mismatch)
 ACTUAL: array([0.5 , 0.51, 0.52, 0.53, 0.54, 0.55, 0.56, 0.57, 0.58, 0.59, 0.6 ,
       0.61, 0.62, 0.63, 0.64, 0.65, 0.66, 0.67, 0.68, 0.69, 0.7 , 0.71,
       0.72, 0.73, 0.74, 0.75, 0.76, 0.77, 0.78, 0.79, 0.8 , 0.81, 0.82,
       0.83, 0.84, 0.85, 0.86, 0.87, 0.88, 0.89, 0.9 , 0.91, 0.92])
 DESIRED: array([0.6 , 0.61, 0.62, 0.63, 0.64, 0.65, 0.66, 0.67, 0.68, 0.69, 0.7 ,
       0.71, 0.72, 0.73, 0.74, 0.75, 0.76, 0.77, 0.78, 0.79, 0.8 , 0.81,
       0.82, 0.83, 0.84, 0.85, 0.86, 0.87, 0.88, 0.89, 0.9 , 0.91, 0.92,
       0.93, 0.94, 0.95, 0.96, 0.97, 0.98, 0.99, 1.  ])
----------------------------------------------------------------------
Ran 3 tests in 0.023s
FAILED (failures=3)
```

### E2
```
$ python3 -W ignore -m unittest -q scripts.avatar.envelope_test.Sweep
======================================================================
FAIL: test_sweeps_where_the_legs_go_not_where_they_rest (scripts.avatar.envelope_test.Sweep.test_sweeps_where_the_legs_go_not_where_they_rest)
----------------------------------------------------------------------
Traceback (most recent call last):
  File "/Users/charles/portfolio/scripts/avatar/envelope_test.py", line 77, in test_sweeps_where_the_legs_go_not_where_they_rest
    self.assertGreater(swept_r, rest_r + 0.01,
    ~~~~~~~~~~~~~~~~~~^^^^^^^^^^^^^^^^^^^^^^^^
                       f'swept {swept_r:.4f} vs rest {rest_r:.4f} at 0.85m')
                       ^^^^^^^^^^^^^^^^^^^^^^^^^^^^^^^^^^^^^^^^^^^^^^^^^^^^^
AssertionError: 0.12622371925179476 not greater than 0.13622371315956117 : swept 0.1262 vs rest 0.1262 at 0.85m
----------------------------------------------------------------------
Ran 1 test in 0.086s
FAILED (failures=1)
```

