模型　　/Users/charles/portfolio/public/avatar/AvatarSample_B_webp.vrm
靜止姿勢　hips 0.8782　head 1.3200　最高頂點 1.5820
臉部盒　x -0.092…0.092　y 1.287…1.503　z -0.113…0.033（從表情會動的 mesh 推導）
指尖皮厚　18.0mm（掃過所有帶皮的 mesh；畫面預留的是 SKIN_ABOVE_JOINT 12.0mm）

每一列是那支動作最糟的一幀，跟它必須待在裡面的預算並排。
餘裕是負的就代表這具身體上那支動作會被切到或會穿模。

── peaceSign　（waistUp、column）
   waistUp  往畫面左邊伸　0.5998　預算 0.7415　餘裕  141.7mm
   waistUp  往畫面右邊伸　0.4645　預算 0.7415　餘裕  277.0mm
   waistUp  手的皮膚頂端　1.4268　預算 1.8722　餘裕  445.4mm
   waistUp  髖部最低　　0.8225　下緣 0.7678　餘裕  54.7mm
   waistUp  髮頂　1.5708　上緣 1.8722　餘裕  301.4mm（模擬投影 1.5476，換到這具身體 6.3mm，瀏覽器邊緣 1.5mm）
   column   往畫面左邊伸　0.5998　預算 0.7415　餘裕  141.7mm
   column   往畫面右邊伸　0.4645　預算 0.7415　餘裕  277.0mm
   column   手的皮膚頂端　1.4268　預算 1.6020　餘裕  175.2mm
   column   髖部最低　　0.8225　下緣 0.4300　餘裕  392.6mm
   column   髮頂　1.5748　上緣 1.6020　餘裕  27.2mm（模擬投影 1.5578，換到這具身體 6.3mm，瀏覽器邊緣 1.5mm）
   手沒進到臉裡　最近一次 1.925（要大於 1）
   頭尾站得住　髖部下沉 36.1mm（上限 80.0mm）
   頭尾站得正　髖部離中線 14.2mm（上限 100.0mm）
   頭尾手垂著　手腕 0.7357（上限 1.0500）

── modelPose　（waistUp、column）
   waistUp  往畫面左邊伸　0.3177　預算 0.7415　餘裕  423.8mm
   waistUp  往畫面右邊伸　0.2857　預算 0.7415　餘裕  455.8mm
   waistUp  手的皮膚頂端　1.2604　預算 1.8722　餘裕  611.7mm
   waistUp  髖部最低　　0.8590　下緣 0.7678　餘裕  91.2mm
   waistUp  髮頂　1.5920　上緣 1.8722　餘裕  280.2mm（模擬投影 1.5728，換到這具身體 6.3mm，瀏覽器邊緣 1.5mm）
   column   往畫面左邊伸　0.3177　預算 0.7415　餘裕  423.8mm
   column   往畫面右邊伸　0.2857　預算 0.7415　餘裕  455.8mm
   column   手的皮膚頂端　1.2604　預算 1.6020　餘裕  341.6mm
   column   髖部最低　　0.8590　下緣 0.4300　餘裕  429.1mm
   column   髮頂　1.5861　上緣 1.6020　餘裕  15.9mm（模擬投影 1.5770，換到這具身體 6.3mm，瀏覽器邊緣 1.5mm）
   手沒進到臉裡　最近一次 11.384（要大於 1）
   頭尾站得住　髖部下沉 8.3mm（上限 80.0mm）
   頭尾站得正　髖部離中線 26.0mm（上限 100.0mm）
   頭尾手垂著　手腕 0.7826（上限 1.0500）

── spin　（waistUp、column）
   waistUp  往畫面左邊伸　0.6740　預算 0.7415　餘裕  67.5mm
   waistUp  往畫面右邊伸　0.5239　預算 0.7415　餘裕  217.6mm
   waistUp  手的皮膚頂端　1.4933　預算 1.8722　餘裕  378.9mm
   waistUp  髖部最低　　0.8300　下緣 0.7678　餘裕  62.2mm
   waistUp  髮頂　1.6136　上緣 1.8722（已放行到 1.6200）　餘裕  258.6mm（模擬投影 1.5958，換到這具身體 6.3mm，瀏覽器邊緣 1.5mm）
   column   往畫面左邊伸　0.6740　預算 0.7415　餘裕  67.5mm
   column   往畫面右邊伸　0.5239　預算 0.7415　餘裕  217.6mm
   column   手的皮膚頂端　1.4933　預算 1.6020　餘裕  108.8mm
   column   髖部最低　　0.8300　下緣 0.4300　餘裕  400.1mm
   column   髮頂　1.6197　上緣 1.6020（已放行到 1.6200）　餘裕  0.3mm（模擬投影 1.6107，換到這具身體 6.3mm，瀏覽器邊緣 1.5mm）
   手沒進到臉裡　最近一次 5.771（要大於 1）
   頭尾站得住　髖部下沉 0.0mm（上限 80.0mm）
   頭尾站得正　髖部離中線 12.7mm（上限 100.0mm）
   頭尾手垂著　手腕 0.7815（上限 1.0500）

── squat　（column）
   column   往畫面左邊伸　0.6296　預算 0.7415　餘裕  112.0mm
   column   往畫面右邊伸　0.6155　預算 0.7415　餘裕  126.0mm
   column   手的皮膚頂端　1.3508　預算 1.6020　餘裕  251.2mm
   column   髖部最低　　0.6600　下緣 0.4300　餘裕  230.1mm
   column   髮頂　1.6022　上緣 1.6020（已放行到 1.6030）　餘裕  0.8mm（模擬投影 1.5944，換到這具身體 6.3mm，瀏覽器邊緣 1.5mm）
   手沒進到臉裡　最近一次 2.703（要大於 1）
   頭尾站得住　髖部下沉 0.0mm（上限 80.0mm）
   頭尾站得正　髖部離中線 10.2mm（上限 100.0mm）
   頭尾手垂著　手腕 0.7787（上限 1.0500）

── akimbo　（waistUp、column）
   waistUp  往畫面左邊伸　0.2542　預算 0.7415　餘裕  487.3mm
   waistUp  往畫面右邊伸　0.2767　預算 0.7415　餘裕  464.8mm
   waistUp  手的皮膚頂端　0.9640　預算 1.8722　餘裕  908.2mm
   waistUp  髖部最低　　0.8817　下緣 0.7678　餘裕  113.9mm
   waistUp  髮頂　1.5915　上緣 1.8722　餘裕  280.7mm（模擬投影 1.5837，換到這具身體 6.3mm，瀏覽器邊緣 1.5mm）
   column   往畫面左邊伸　0.2542　預算 0.7415　餘裕  487.3mm
   column   往畫面右邊伸　0.2767　預算 0.7415　餘裕  464.9mm
   column   手的皮膚頂端　0.9640　預算 1.6020　餘裕  638.0mm
   column   髖部最低　　0.8817　下緣 0.4300　餘裕  451.7mm
   column   髮頂　1.6008　上緣 1.6020　餘裕  1.2mm（模擬投影 1.5930，換到這具身體 6.3mm，瀏覽器邊緣 1.5mm）
   手沒進到臉裡　最近一次 18.714（要大於 1）
   頭尾站得住　髖部下沉 0.0mm（上限 80.0mm）
   頭尾站得正　髖部離中線 0.6mm（上限 100.0mm）
   頭尾手垂著　手腕 0.7811（上限 1.0500）

── playFingers　（waistUp、column）
   waistUp  往畫面左邊伸　0.2379　預算 0.7415　餘裕  503.6mm
   waistUp  往畫面右邊伸　0.2391　預算 0.7415　餘裕  502.4mm
   waistUp  手的皮膚頂端　1.0079　預算 1.8722　餘裕  864.3mm
   waistUp  髖部最低　　0.8819　下緣 0.7678　餘裕  114.1mm
   waistUp  髮頂　1.6220　上緣 1.8722　餘裕  250.2mm（模擬投影 1.5835，換到這具身體 6.3mm，瀏覽器邊緣 1.5mm）
   column   往畫面左邊伸　0.2379　預算 0.7415　餘裕  503.7mm
   column   往畫面右邊伸　0.2391　預算 0.7415　餘裕  502.4mm
   column   手的皮膚頂端　1.0079　預算 1.6220　餘裕  614.2mm
   column   髖部最低　　0.8819　下緣 0.4500　餘裕  431.9mm
   column   髮頂　1.6143　上緣 1.6220　餘裕  7.7mm（模擬投影 1.5928，換到這具身體 6.3mm，瀏覽器邊緣 1.5mm）
   手沒進到臉裡　最近一次 22.354（要大於 1）
   頭尾站得住　髖部下沉 0.0mm（上限 80.0mm）
   頭尾站得正　髖部離中線 0.6mm（上限 100.0mm）
   頭尾手垂著　手腕 0.7811（上限 1.0500）

── scratchHead　（waistUp、column）
   waistUp  往畫面左邊伸　0.3470　預算 0.7415　餘裕  394.5mm
   waistUp  往畫面右邊伸　0.5106　預算 0.7415　餘裕  230.9mm
   waistUp  手的皮膚頂端　1.5700　預算 1.8722　餘裕  302.1mm
   waistUp  髖部最低　　0.8776　下緣 0.7678　餘裕  109.7mm
   waistUp  髮頂　1.6185　上緣 1.8722　餘裕  253.7mm（模擬投影 1.5835，換到這具身體 6.3mm，瀏覽器邊緣 1.5mm）
   column   往畫面左邊伸　0.3470　預算 0.7415　餘裕  394.6mm
   column   往畫面右邊伸　0.5106　預算 0.7415　餘裕  230.9mm
   column   手的皮膚頂端　1.5700　預算 1.6220　餘裕  52.0mm
   column   髖部最低　　0.8776　下緣 0.4500　餘裕  427.6mm
   column   髮頂　1.6142　上緣 1.6220　餘裕  7.8mm（模擬投影 1.5924，換到這具身體 6.3mm，瀏覽器邊緣 1.5mm）
   手沒進到臉裡　最近一次 1.217（要大於 1）
   頭尾站得住　髖部下沉 0.0mm（上限 80.0mm）
   頭尾站得正　髖部離中線 0.6mm（上限 100.0mm）
   頭尾手垂著　手腕 0.7811（上限 1.0500）

── idleLoop　（waistUp、column）
   waistUp  往畫面左邊伸　0.3412　預算 0.7415　餘裕  400.3mm
   waistUp  往畫面右邊伸　0.0381　預算 0.7415　餘裕  703.4mm
   waistUp  手的皮膚頂端　0.7818　預算 1.8722　餘裕  1090.4mm
   waistUp  髖部最低　　0.8761　下緣 0.7678　餘裕  108.3mm
   waistUp  髮頂　1.5898　上緣 1.8722（已放行到 1.6050）　餘裕  282.4mm（模擬投影 1.5820，換到這具身體 6.3mm，瀏覽器邊緣 1.5mm）
   column   往畫面左邊伸　0.3412　預算 0.7415　餘裕  400.4mm
   column   往畫面右邊伸　0.0381　預算 0.7415　餘裕  703.5mm
   column   手的皮膚頂端　0.7818　預算 1.6020　餘裕  820.2mm
   column   髖部最低　　0.8761　下緣 0.4300　餘裕  446.1mm
   column   髮頂　1.6043　上緣 1.6020（已放行到 1.6050）　餘裕  0.7mm（模擬投影 1.5965，換到這具身體 6.3mm，瀏覽器邊緣 1.5mm）
   手沒進到臉裡　最近一次 36.664（要大於 1）
   頭尾站得住　髖部下沉 1.5mm（上限 80.0mm）
   頭尾站得正　髖部離中線 152.1mm（上限 160.0mm，已放行）
   頭尾手垂著　手腕 0.7682（上限 1.0500）

── stretch　（waistUp）
   waistUp  往畫面左邊伸　0.3063　預算 0.7415　餘裕  435.2mm
   waistUp  往畫面右邊伸　0.5450　預算 0.7415　餘裕  196.5mm
   waistUp  手的皮膚頂端　1.8091　預算 1.8722　餘裕  63.1mm
   waistUp  髖部最低　　0.8824　下緣 0.7678　餘裕  114.6mm
   waistUp  髮頂　1.8288　上緣 1.8722　餘裕  43.4mm（模擬投影 1.8081，換到這具身體 6.3mm，瀏覽器邊緣 1.5mm）
   手沒進到臉裡　最近一次 2.236（要大於 1）
   頭尾站得住　髖部下沉 0.0mm（上限 80.0mm）
   頭尾站得正　髖部離中線 0.6mm（上限 100.0mm）
   頭尾手垂著　手腕 0.7811（上限 1.0500）

── dance　（waistUp、column）
   waistUp  往畫面左邊伸　0.6978　預算 0.7415　餘裕  43.7mm
   waistUp  往畫面右邊伸　0.4171　預算 0.7415　餘裕  324.4mm
   waistUp  手的皮膚頂端　1.4886　預算 1.8022　餘裕  313.6mm
   waistUp  髖部最低　　0.7525　下緣 0.6978　餘裕  54.7mm
   waistUp  髮頂　1.7244　上緣 1.8022　餘裕  77.8mm（模擬投影 1.7000，換到這具身體 6.3mm，瀏覽器邊緣 1.5mm）
   column   往畫面左邊伸　0.6978　預算 0.7415　餘裕  43.8mm
   column   往畫面右邊伸　0.4171　預算 0.7415　餘裕  324.5mm
   column   手的皮膚頂端　1.4886　預算 1.7420　餘裕  253.5mm
   column   髖部最低　　0.7525　下緣 0.5700　餘裕  182.5mm
   column   髮頂　1.7389　上緣 1.7420　餘裕  3.1mm（模擬投影 1.7087，換到這具身體 6.3mm，瀏覽器邊緣 1.5mm）
   手在臉裡但在放行範圍內　0.197（下限 0.190，t=8.22s）
   頭尾站得住　髖部下沉 47.1mm（上限 80.0mm）
   頭尾站得正　髖部離中線 140.2mm（上限 150.0mm，已放行）
   頭尾手垂著　手腕 1.1877（上限 1.1900，已放行）

全部動作在這具身體上都待在預算內，可以直接沿用。
