模型　　/Users/charles/portfolio/public/avatar/vrm1-twist-sample.vrm
靜止姿勢　hips 0.9081　head 1.3863　最高頂點 1.6154
臉部盒　x -0.109…0.109　y 1.352…1.586　z -0.056…0.089（從表情會動的 mesh 推導）
指尖皮厚　25.7mm（掃過所有帶皮的 mesh；畫面預留的是 SKIN_ABOVE_JOINT 12.0mm）

每一列是那支動作最糟的一幀，跟它必須待在裡面的預算並排。
餘裕是負的就代表這具身體上那支動作會被切到或會穿模。

── peaceSign　（waistUp、column）
   waistUp  往畫面左邊伸　0.6428　預算 0.7415　餘裕  98.7mm
   waistUp  往畫面右邊伸　0.5074　預算 0.7415　餘裕  234.1mm
   waistUp  手的皮膚頂端　1.5101　預算 1.8722　餘裕  362.1mm
   waistUp  髖部最低　　0.8505　下緣 0.7678　餘裕  82.7mm
   waistUp  髮頂　1.5837　上緣 1.8722　餘裕  288.5mm（模擬投影 1.5822，換到這具身體 0.0mm，瀏覽器邊緣 1.5mm）
   column   往畫面左邊伸　0.6428　預算 0.7415　餘裕  98.7mm
   column   往畫面右邊伸　0.5074　預算 0.7415　餘裕  234.1mm
   column   手的皮膚頂端　1.5101　預算 1.6020　餘裕  91.9mm
   column   髖部最低　　0.8505　下緣 0.4300　餘裕  420.5mm
   column   髮頂　1.5890　上緣 1.6020　餘裕  13.0mm（模擬投影 1.5875，換到這具身體 0.0mm，瀏覽器邊緣 1.5mm）
   手沒進到臉裡　最近一次 1.370（要大於 1）
   頭尾站得住　髖部下沉 37.3mm（上限 80.0mm）
   頭尾站得正　髖部離中線 14.7mm（上限 100.0mm）
   頭尾手垂著　手腕 0.8173（上限 1.0500）

── modelPose　（waistUp、column）
   waistUp  往畫面左邊伸　0.3695　預算 0.7415　餘裕  372.0mm
   waistUp  往畫面右邊伸　0.3294　預算 0.7415　餘裕  412.1mm
   waistUp  手的皮膚頂端　1.3227　預算 1.8722　餘裕  549.5mm
   waistUp  髖部最低　　0.8882　下緣 0.7678　餘裕  120.4mm
   waistUp  髮頂　1.6107　上緣 1.8722　餘裕  261.5mm（模擬投影 1.6092，換到這具身體 0.0mm，瀏覽器邊緣 1.5mm）
   column   往畫面左邊伸　0.3695　預算 0.7415　餘裕  372.0mm
   column   往畫面右邊伸　0.3294　預算 0.7415　餘裕  412.2mm
   column   手的皮膚頂端　1.3227　預算 1.6120　餘裕  289.4mm
   column   髖部最低　　0.8882　下緣 0.4400　餘裕  448.3mm
   column   髮頂　1.6101　上緣 1.6120　餘裕  1.9mm（模擬投影 1.6086，換到這具身體 0.0mm，瀏覽器邊緣 1.5mm）
   手沒進到臉裡　最近一次 11.644（要大於 1）
   頭尾站得住　髖部下沉 8.6mm（上限 80.0mm）
   頭尾站得正　髖部離中線 26.9mm（上限 100.0mm）
   頭尾手垂著　手腕 0.8632（上限 1.0500）

── spin　（waistUp、column）
   waistUp  往畫面左邊伸　0.6966　預算 0.7415　餘裕  44.9mm
   waistUp  往畫面右邊伸　0.5452　預算 0.7415　餘裕  196.4mm
   waistUp  手的皮膚頂端　1.5549　預算 1.8722　餘裕  317.3mm
   waistUp  髖部最低　　0.8582　下緣 0.7678　餘裕  90.4mm
   waistUp  髮頂　1.6342　上緣 1.8722　餘裕  238.0mm（模擬投影 1.6327，換到這具身體 0.0mm，瀏覽器邊緣 1.5mm）
   column   往畫面左邊伸　0.6966　預算 0.7415　餘裕  44.9mm
   column   往畫面右邊伸　0.5452　預算 0.7415　餘裕  196.4mm
   column   手的皮膚頂端　1.5549　預算 1.6520　餘裕  97.2mm
   column   髖部最低　　0.8582　下緣 0.4800　餘裕  378.3mm
   column   髮頂　1.6488　上緣 1.6520　餘裕  3.2mm（模擬投影 1.6473，換到這具身體 0.0mm，瀏覽器邊緣 1.5mm）
   手沒進到臉裡　最近一次 5.794（要大於 1）
   頭尾站得住　髖部下沉 0.0mm（上限 80.0mm）
   頭尾站得正　髖部離中線 13.2mm（上限 100.0mm）
   頭尾手垂著　手腕 0.8592（上限 1.0500）

── squat　（column）
   column   往畫面左邊伸　0.6522　預算 0.7415　餘裕  89.4mm
   column   往畫面右邊伸　0.6378　預算 0.7415　餘裕  103.7mm
   column   手的皮膚頂端　1.4317　預算 1.6320　餘裕  200.3mm
   column   髖部最低　　0.6825　下緣 0.4600　餘裕  222.5mm
   column   髮頂　1.6224　上緣 1.6320　餘裕  9.6mm（模擬投影 1.6209，換到這具身體 0.0mm，瀏覽器邊緣 1.5mm）
   手沒進到臉裡　最近一次 1.704（要大於 1）
   頭尾站得住　髖部下沉 0.0mm（上限 80.0mm）
   頭尾站得正　髖部離中線 10.6mm（上限 100.0mm）
   頭尾手垂著　手腕 0.8564（上限 1.0500）

── akimbo　（waistUp、column）
   waistUp  往畫面左邊伸　0.2953　預算 0.7415　餘裕  446.2mm
   waistUp  往畫面右邊伸　0.3190　預算 0.7415　餘裕  422.5mm
   waistUp  手的皮膚頂端　1.0299　預算 1.8722　餘裕  842.3mm
   waistUp  髖部最低　　0.9116　下緣 0.7678　餘裕  143.8mm
   waistUp  髮頂　1.6199　上緣 1.8722　餘裕  252.3mm（模擬投影 1.6184，換到這具身體 0.0mm，瀏覽器邊緣 1.5mm）
   column   往畫面左邊伸　0.2953　預算 0.7415　餘裕  446.2mm
   column   往畫面右邊伸　0.3190　預算 0.7415　餘裕  422.5mm
   column   手的皮膚頂端　1.0299　預算 1.6320　餘裕  602.1mm
   column   髖部最低　　0.9116　下緣 0.4600　餘裕  451.7mm
   column   髮頂　1.6223　上緣 1.6320　餘裕  9.7mm（模擬投影 1.6208，換到這具身體 0.0mm，瀏覽器邊緣 1.5mm）
   手沒進到臉裡　最近一次 17.052（要大於 1）
   頭尾站得住　髖部下沉 0.0mm（上限 80.0mm）
   頭尾站得正　髖部離中線 0.7mm（上限 100.0mm）
   頭尾手垂著　手腕 0.8711（上限 1.0500）

── playFingers　（waistUp、column）
   waistUp  往畫面左邊伸　0.2790　預算 0.7415　餘裕  462.5mm
   waistUp  往畫面右邊伸　0.2805　預算 0.7415　餘裕  461.0mm
   waistUp  手的皮膚頂端　1.0741　預算 1.8722　餘裕  798.1mm
   waistUp  髖部最低　　0.9119　下緣 0.7678　餘裕  144.0mm
   waistUp  髮頂　1.6241　上緣 1.8722　餘裕  248.1mm（模擬投影 1.6226，換到這具身體 0.0mm，瀏覽器邊緣 1.5mm）
   column   往畫面左邊伸　0.2790　預算 0.7415　餘裕  462.5mm
   column   往畫面右邊伸　0.2805　預算 0.7415　餘裕  461.1mm
   column   手的皮膚頂端　1.0741　預算 1.6320　餘裕  557.9mm
   column   髖部最低　　0.9119　下緣 0.4600　餘裕  451.9mm
   column   髮頂　1.6279　上緣 1.6320　餘裕  4.1mm（模擬投影 1.6264，換到這具身體 0.0mm，瀏覽器邊緣 1.5mm）
   手沒進到臉裡　最近一次 20.065（要大於 1）
   頭尾站得住　髖部下沉 0.0mm（上限 80.0mm）
   頭尾站得正　髖部離中線 0.7mm（上限 100.0mm）
   頭尾手垂著　手腕 0.8711（上限 1.0500）

── scratchHead　（waistUp、column）
   waistUp  往畫面左邊伸　0.3750　預算 0.7415　餘裕  366.5mm
   waistUp  往畫面右邊伸　0.5448　預算 0.7415　餘裕  196.7mm
   waistUp  手的皮膚頂端　1.6615　預算 1.8722　餘裕  210.7mm
   waistUp  髖部最低　　0.9074　下緣 0.7678　餘裕  139.5mm
   waistUp  髮頂　1.6520　上緣 1.8722　餘裕  220.2mm（模擬投影 1.6505，換到這具身體 0.0mm，瀏覽器邊緣 1.5mm）
   column   往畫面左邊伸　0.3750　預算 0.7415　餘裕  366.5mm
   column   往畫面右邊伸　0.5448　預算 0.7415　餘裕  196.8mm
   column   手的皮膚頂端　1.6615　預算 1.6620　餘裕  0.6mm
   column   髖部最低　　0.9074　下緣 0.4900　餘裕  417.4mm
   column   髮頂　1.6550　上緣 1.6620　餘裕  7.0mm（模擬投影 1.6535，換到這具身體 0.0mm，瀏覽器邊緣 1.5mm）
   手沒進到臉裡　最近一次 1.038（要大於 1）
   頭尾站得住　髖部下沉 0.0mm（上限 80.0mm）
   頭尾站得正　髖部離中線 0.7mm（上限 100.0mm）
   頭尾手垂著　手腕 0.8711（上限 1.0500）

── idleLoop　（waistUp、column）
   waistUp  往畫面左邊伸　0.3928　預算 0.7415　餘裕  348.7mm
   waistUp  往畫面右邊伸　0.0733　預算 0.7415　餘裕  668.2mm
   waistUp  手的皮膚頂端　0.8606　預算 1.8722　餘裕  1011.6mm
   waistUp  髖部最低　　0.9058　下緣 0.7678　餘裕  138.0mm
   waistUp  髮頂　1.6185　上緣 1.8722　餘裕  253.7mm（模擬投影 1.6170，換到這具身體 0.0mm，瀏覽器邊緣 1.5mm）
   column   往畫面左邊伸　0.3928　預算 0.7415　餘裕  348.7mm
   column   往畫面右邊伸　0.0733　預算 0.7415　餘裕  668.2mm
   column   手的皮膚頂端　0.8606　預算 1.6320　餘裕  771.4mm
   column   髖部最低　　0.9058　下緣 0.4600　餘裕  445.9mm
   column   髮頂　1.6240　上緣 1.6320　餘裕  8.0mm（模擬投影 1.6225，換到這具身體 0.0mm，瀏覽器邊緣 1.5mm）
   手沒進到臉裡　最近一次 31.472（要大於 1）
   頭尾站得住　髖部下沉 1.5mm（上限 80.0mm）
   ⚠ 頭尾站在旁邊：髖部離中線 157.3mm，上限 100.0mm。淡入淡出要橫跨這段距離。
   頭尾手垂著　手腕 0.8486（上限 1.0500）

── stretch　（waistUp）
   waistUp  往畫面左邊伸　0.3470　預算 0.7415　餘裕  394.5mm
   waistUp  往畫面右邊伸　0.5756　預算 0.7415　餘裕  165.9mm
   waistUp  手的皮膚頂端　1.8758　預算 1.9422　餘裕  66.4mm
   waistUp  髖部最低　　0.9124　下緣 0.8378　餘裕  74.5mm
   waistUp  髮頂　1.8756　上緣 1.9422　餘裕  66.6mm（模擬投影 1.8741，換到這具身體 0.0mm，瀏覽器邊緣 1.5mm）
   手沒進到臉裡　最近一次 2.488（要大於 1）
   頭尾站得住　髖部下沉 0.0mm（上限 80.0mm）
   頭尾站得正　髖部離中線 0.7mm（上限 100.0mm）
   頭尾手垂著　手腕 0.8711（上限 1.0500）

── dance　（waistUp、column）
   waistUp  往畫面左邊伸　0.7169　預算 0.7415　餘裕  24.6mm
   waistUp  往畫面右邊伸　0.4587　預算 0.7415　餘裕  282.8mm
   waistUp  手的皮膚頂端　1.5763　預算 1.8722　餘裕  295.9mm
   waistUp  髖部最低　　0.7781　下緣 0.7678　餘裕  10.2mm
   waistUp  髮頂　1.7205　上緣 1.8722　餘裕  151.7mm（模擬投影 1.7190，換到這具身體 0.0mm，瀏覽器邊緣 1.5mm）
   column   往畫面左邊伸　0.7169　預算 0.7415　餘裕  24.7mm
   column   往畫面右邊伸　0.4587　預算 0.7415　餘裕  282.8mm
   column   手的皮膚頂端　1.5763　預算 1.7420　餘裕  165.7mm
   column   髖部最低　　0.7781　下緣 0.5700　餘裕  208.1mm
   column   髮頂　1.7390　上緣 1.7420　餘裕  3.0mm（模擬投影 1.7375，換到這具身體 0.0mm，瀏覽器邊緣 1.5mm）
   ⚠ 手伸進臉裡：橢球值 0.212，下限 1.000，最深的一幀在 t=8.23s
   頭尾站得住　髖部下沉 48.7mm（上限 80.0mm）
   ⚠ 頭尾站在旁邊：髖部離中線 144.9mm，上限 100.0mm。淡入淡出要橫跨這段距離。
   ⚠ 頭尾手還舉著：手腕 1.2358，上限 1.0500。

4 項超出預算。上面每一列都指名是哪支動作、哪個構圖、哪個方向。
這不代表動作壞了，代表這具身體跟現有的構圖數字不相容：
要嘛調構圖（avatarMode.ts 的 framing），要嘛那支動作不給這具身體用。
