模型　　scripts/avatar/fixtures/seed-san.vrm
靜止姿勢　hips 0.7956　head 1.3320　最高頂點 1.5800
臉部盒　x -0.110…0.110　y 1.298…1.559　z -0.104…0.123（從 Face 網格推導）
指尖皮厚　13.4mm（從 Body 網格推導；畫面預留的是 SKIN_ABOVE_JOINT 12.0mm）

每一列是那支動作最糟的一幀，跟它必須待在裡面的預算並排。
餘裕是負的就代表這具身體上那支動作會被切到或會穿模。

── peaceSign　（waistUp、column）
   waistUp  往畫面左邊伸　0.5544　預算 0.7415　餘裕  187.1mm
   waistUp  往畫面右邊伸　0.7146　預算 0.7415　餘裕  26.9mm
   waistUp  手的皮膚頂端　1.4622　預算 1.8722　餘裕  410.0mm
   waistUp  髖部最低　　0.7451　下緣 0.7678　餘裕 -22.7mm
   waistUp  髮頂　1.5534　上緣 1.8722　餘裕  318.8mm（模擬投影 1.5476，換到這具身體 4.3mm，瀏覽器邊緣 1.5mm）
   column   往畫面左邊伸　0.5544　預算 0.7415　餘裕  187.2mm
   column   往畫面右邊伸　0.7146　預算 0.7415　餘裕  26.9mm
   column   手的皮膚頂端　1.4622　預算 1.6020　餘裕  139.8mm
   column   髖部最低　　0.7451　下緣 0.4300　餘裕  315.1mm
   column   髮頂　1.5748　上緣 1.6020　餘裕  27.2mm（模擬投影 1.5578，換到這具身體 4.3mm，瀏覽器邊緣 1.5mm）
   手沒進到臉裡　最近一次 2.683（要大於 1）
   頭尾站得住　髖部偏移 32.7mm（上限 80.0mm）

── modelPose　（waistUp、column）
   waistUp  往畫面左邊伸　0.3775　預算 0.7415　餘裕  364.0mm
   waistUp  往畫面右邊伸　0.3902　預算 0.7415　餘裕  351.3mm
   waistUp  手的皮膚頂端　1.2583　預算 1.8722　餘裕  613.8mm
   waistUp  髖部最低　　0.7782　下緣 0.7678　餘裕  10.4mm
   waistUp  髮頂　1.5786　上緣 1.8722　餘裕  293.6mm（模擬投影 1.5728，換到這具身體 4.3mm，瀏覽器邊緣 1.5mm）
   column   往畫面左邊伸　0.3775　預算 0.7415　餘裕  364.0mm
   column   往畫面右邊伸　0.3902　預算 0.7415　餘裕  351.4mm
   column   手的皮膚頂端　1.2583　預算 1.6020　餘裕  343.7mm
   column   髖部最低　　0.7782　下緣 0.4300　餘裕  348.2mm
   column   髮頂　1.5828　上緣 1.6020　餘裕  19.3mm（模擬投影 1.5770，換到這具身體 4.3mm，瀏覽器邊緣 1.5mm）
   手沒進到臉裡　最近一次 12.371（要大於 1）
   頭尾站得住　髖部偏移 7.5mm（上限 80.0mm）

── spin　（waistUp、column）
   waistUp  往畫面左邊伸　0.6095　預算 0.7415　餘裕  132.0mm
   waistUp  往畫面右邊伸　0.7422　預算 0.7415　餘裕 -0.7mm
   waistUp  手的皮膚頂端　1.4914　預算 1.8722　餘裕  380.8mm
   waistUp  髖部最低　　0.7519　下緣 0.7678　餘裕 -15.9mm
   waistUp  髮頂　1.6016　上緣 1.8722（已放行到 1.6200）　餘裕  18.4mm（模擬投影 1.5958，換到這具身體 4.3mm，瀏覽器邊緣 1.5mm）
   column   往畫面左邊伸　0.6095　預算 0.7415　餘裕  132.1mm
   column   往畫面右邊伸　0.7422　預算 0.7415　餘裕 -0.6mm
   column   手的皮膚頂端　1.4914　預算 1.6020　餘裕  110.6mm
   column   髖部最低　　0.7519　下緣 0.4300　餘裕  321.9mm
   column   髮頂　1.6165　上緣 1.6020（已放行到 1.6200）　餘裕  3.5mm（模擬投影 1.6107，換到這具身體 4.3mm，瀏覽器邊緣 1.5mm）
   手沒進到臉裡　最近一次 5.805（要大於 1）
   頭尾站得住　髖部偏移 0.0mm（上限 80.0mm）

── squat　（column）
   column   往畫面左邊伸　0.7223　預算 0.7415　餘裕  19.2mm
   column   往畫面右邊伸　0.7237　預算 0.7415　餘裕  17.9mm
   column   手的皮膚頂端　1.3896　預算 1.6020　餘裕  212.4mm
   column   髖部最低　　0.5979　下緣 0.4300　餘裕  167.9mm
   column   髮頂　1.6002　上緣 1.6020（已放行到 1.6030）　餘裕  2.8mm（模擬投影 1.5944，換到這具身體 4.3mm，瀏覽器邊緣 1.5mm）
   手沒進到臉裡　最近一次 1.431（要大於 1）
   頭尾站得住　髖部偏移 0.0mm（上限 80.0mm）

── akimbo　（waistUp、column）
   waistUp  往畫面左邊伸　0.3581　預算 0.7415　餘裕  383.4mm
   waistUp  往畫面右邊伸　0.3378　預算 0.7415　餘裕  403.7mm
   waistUp  手的皮膚頂端　0.9736　預算 1.8722　餘裕  898.6mm
   waistUp  髖部最低　　0.7987　下緣 0.7678　餘裕  30.9mm
   waistUp  髮頂　1.5895　上緣 1.8722　餘裕  282.7mm（模擬投影 1.5837，換到這具身體 4.3mm，瀏覽器邊緣 1.5mm）
   column   往畫面左邊伸　0.3581　預算 0.7415　餘裕  383.4mm
   column   往畫面右邊伸　0.3378　預算 0.7415　餘裕  403.8mm
   column   手的皮膚頂端　0.9736　預算 1.6020　餘裕  628.5mm
   column   髖部最低　　0.7987　下緣 0.4300　餘裕  368.7mm
   column   髮頂　1.5988　上緣 1.6020　餘裕  3.3mm（模擬投影 1.5930，換到這具身體 4.3mm，瀏覽器邊緣 1.5mm）
   手沒進到臉裡　最近一次 16.187（要大於 1）
   頭尾站得住　髖部偏移 0.0mm（上限 80.0mm）

── playFingers　（waistUp、column）
   waistUp  往畫面左邊伸　0.3201　預算 0.7415　餘裕  421.4mm
   waistUp  往畫面右邊伸　0.3189　預算 0.7415　餘裕  422.6mm
   waistUp  手的皮膚頂端　0.9932　預算 1.8722　餘裕  878.9mm
   waistUp  髖部最低　　0.7989　下緣 0.7678　餘裕  31.1mm
   waistUp  髮頂　1.5893　上緣 1.8722（已放行到 1.6060）　餘裕  16.7mm（模擬投影 1.5835，換到這具身體 4.3mm，瀏覽器邊緣 1.5mm）
   column   往畫面左邊伸　0.3201　預算 0.7415　餘裕  421.5mm
   column   往畫面右邊伸　0.3189　預算 0.7415　餘裕  422.6mm
   column   手的皮膚頂端　0.9932　預算 1.6020　餘裕  608.8mm
   column   髖部最低　　0.7989　下緣 0.4300　餘裕  368.9mm
   column   髮頂　1.6053　上緣 1.6020（已放行到 1.6060）　餘裕  0.7mm（模擬投影 1.5936，換到這具身體 4.3mm，瀏覽器邊緣 1.5mm）
   手沒進到臉裡　最近一次 16.555（要大於 1）
   頭尾站得住　髖部偏移 0.0mm（上限 80.0mm）

── scratchHead　（waistUp、column）
   waistUp  往畫面左邊伸　0.6099　預算 0.7415　餘裕  131.6mm
   waistUp  往畫面右邊伸　0.4313　預算 0.7415　餘裕  310.2mm
   waistUp  手的皮膚頂端　1.6277　預算 1.8722　餘裕  244.4mm
   waistUp  髖部最低　　0.7950　下緣 0.7678　餘裕  27.1mm
   waistUp  髮頂　1.5893　上緣 1.8722（已放行到 1.6070）　餘裕  17.7mm（模擬投影 1.5835，換到這具身體 4.3mm，瀏覽器邊緣 1.5mm）
   column   往畫面左邊伸　0.6099　預算 0.7415　餘裕  131.6mm
   column   往畫面右邊伸　0.4313　預算 0.7415　餘裕  310.3mm
   column   手的皮膚頂端　1.6277　預算 1.6020　餘裕 -25.7mm
   column   髖部最低　　0.7950　下緣 0.4300　餘裕  365.0mm
   column   髮頂　1.6068　上緣 1.6020（已放行到 1.6070）　餘裕  0.2mm（模擬投影 1.5933，換到這具身體 4.3mm，瀏覽器邊緣 1.5mm）
   手沒進到臉裡　最近一次 1.912（要大於 1）
   頭尾站得住　髖部偏移 0.0mm（上限 80.0mm）

── idleLoop　（waistUp、column）
   waistUp  往畫面左邊伸　0.1314　預算 0.7415　餘裕  610.1mm
   waistUp  往畫面右邊伸　0.4036　預算 0.7415　餘裕  337.9mm
   waistUp  手的皮膚頂端　0.7813　預算 1.8722　餘裕  1090.9mm
   waistUp  髖部最低　　0.7936　下緣 0.7678　餘裕  25.8mm
   waistUp  髮頂　1.5878　上緣 1.8722（已放行到 1.6050）　餘裕  17.2mm（模擬投影 1.5820，換到這具身體 4.3mm，瀏覽器邊緣 1.5mm）
   column   往畫面左邊伸　0.1314　預算 0.7415　餘裕  610.1mm
   column   往畫面右邊伸　0.4036　預算 0.7415　餘裕  338.0mm
   column   手的皮膚頂端　0.7813　預算 1.6020　餘裕  820.8mm
   column   髖部最低　　0.7936　下緣 0.4300　餘裕  363.7mm
   column   髮頂　1.6023　上緣 1.6020（已放行到 1.6050）　餘裕  2.7mm（模擬投影 1.5965，換到這具身體 4.3mm，瀏覽器邊緣 1.5mm）
   手沒進到臉裡　最近一次 29.914（要大於 1）
   頭尾站得住　髖部偏移 1.3mm（上限 80.0mm）

── stretch　（waistUp）
   waistUp  往畫面左邊伸　0.6785　預算 0.7415　餘裕  63.0mm
   waistUp  往畫面右邊伸　0.3930　預算 0.7415　餘裕  348.5mm
   waistUp  手的皮膚頂端　1.8914　預算 1.8722　餘裕 -19.2mm
   waistUp  髖部最低　　0.7993　下緣 0.7678　餘裕  31.5mm
   waistUp  髮頂　1.8139　上緣 1.8722　餘裕  58.3mm（模擬投影 1.8081，換到這具身體 4.3mm，瀏覽器邊緣 1.5mm）
   手沒進到臉裡　最近一次 2.581（要大於 1）
   頭尾站得住　髖部偏移 0.0mm（上限 80.0mm）

── dance　（waistUp、column）
   waistUp  往畫面左邊伸　0.5124　預算 0.7415　餘裕  229.1mm
   waistUp  往畫面右邊伸　0.7499　預算 0.7415　餘裕 -8.4mm
   waistUp  手的皮膚頂端　1.5212　預算 1.7922　餘裕  271.0mm
   waistUp  髖部最低　　0.6817　下緣 0.6878　餘裕 -6.2mm
   waistUp  髮頂　1.7133　上緣 1.7922　餘裕  78.9mm（模擬投影 1.7013，換到這具身體 4.3mm，瀏覽器邊緣 1.5mm）
   column   往畫面左邊伸　0.5124　預算 0.7415　餘裕  229.2mm
   column   往畫面右邊伸　0.7499　預算 0.7415　餘裕 -8.4mm
   column   手的皮膚頂端　1.5212　預算 1.7320　餘裕  210.8mm
   column   髖部最低　　0.6817　下緣 0.5600　餘裕  121.7mm
   column   髮頂　1.7276　上緣 1.7320　餘裕  4.4mm（模擬投影 1.7099，換到這具身體 4.3mm，瀏覽器邊緣 1.5mm）
   手在臉裡但在放行範圍內　1.316（下限 0.190，t=7.83s）
   頭尾站得住　髖部偏移 42.6mm（上限 80.0mm）

9 項超出預算。上面每一列都指名是哪支動作、哪個構圖、哪個方向。
這不代表動作壞了，代表這具身體跟現有的構圖數字不相容：
要嘛調構圖（avatarMode.ts 的 framing），要嘛那支動作不給這具身體用。
