==================================================================
AvatarSample_C_webp.vrm
   AvatarSample_C_webp.vrm 已是 VRM 0.x
  1 partition ok  9 parts: Body_Skin, Face, Hair_Back, Hair_Bangs, Hair_Side_L, Hair_Side_R, Outfit_Bottom, Outfit_Shoes, Outfit_Top
  2 strip     ok  3 primitives removed, replacing Outfit_Bottom, Outfit_Shoes, Outfit_Top
  3 skin      ok  repainted 72.0%
==================================================================
Vivi_webp.vrm
   Vivi_webp.vrm 已是 VRM 0.x
  1 partition ok  9 parts: Body_Skin, Face, Hair_Back, Hair_Bangs, Hair_BodyBack, Hair_Side_L, Hair_Side_R, Outfit_Shoes, Outfit_Top
  2 strip     ok  2 primitives removed, replacing Outfit_Shoes, Outfit_Top
  3 skin      ok  repainted 13.1%
==================================================================
Sendagaya_Shibu_webp.vrm
   Sendagaya_Shibu_webp.vrm 已是 VRM 0.x
  1 partition ok  11 parts: Body_Skin, Face, Hair_Back, Hair_Bangs, Hair_BodyBack, Hair_Side_L, Hair_Side_R, Outfit_AccessoryNeck, Outfit_Bottom, Outfit_Shoes, Outfit_Top
  2 strip     ok  4 primitives removed, replacing Outfit_AccessoryNeck, Outfit_Bottom, Outfit_Shoes, Outfit_Top
  3 skin      ok  repainted 36.7%
==================================================================
Darkness_Shibu_webp.vrm
   Darkness_Shibu_webp.vrm 已是 VRM 0.x
  1 partition ok  9 parts: Body_Skin, Face, Hair_Back, Hair_Bangs, Hair_BodyBack, Hair_Side_L, Hair_Side_R, Outfit_Shoes, Outfit_Top
  2 strip     ok  2 primitives removed, replacing Outfit_Shoes, Outfit_Top
  3 skin      ok  repainted 77.7%
==================================================================
HairSample_Female_webp.vrm
   HairSample_Female_webp.vrm 已是 VRM 0.x
  1 partition ok  8 parts: Body_Skin, Face, Hair_Back, Hair_Bangs, Hair_Side_L, Hair_Side_R, Outfit_Shoes, Outfit_Top
  2 strip     ok  2 primitives removed, replacing Outfit_Shoes, Outfit_Top
  3 skin      ok  repainted 3.0%
==================================================================
mika-pink.vrm
   mika-pink.vrm 已是 VRM 0.x
  1 partition ok  13 parts: Acc_HairClip_Base, Acc_HairOrnament, Body_Skin, Face, Hair_Back, Hair_Bangs, Hair_Side_L, Hair_Side_R, Hair_Twintail_L, Hair_Twintail_R, Outfit_Bottom, Outfit_Shoes, Outfit_Top
  2 strip     ok  21 primitives removed, replacing Acc_HairClip_Base, Acc_HairOrnament, Outfit_Bottom, Outfit_Shoes, Outfit_Top
  3 skin      ok  repainted 36.5%
==================================================================
vrm1-twist-sample.vrm
   vrm1-twist-sample.vrm 是 VRM 1.0，轉成 0.x 寫到 base-vrm0.vrm（10784188 bytes）
   捨棄：表情 happy 的 overrideBlink=blend，0.x 沒有 override
   捨棄：表情 happy 的 overrideMouth=blend，0.x 沒有 override
   捨棄：表情 sad 的 overrideMouth=blend，0.x 沒有 override
   捨棄：表情 surprised 的 overrideMouth=blend，0.x 沒有 override
   捨棄：meta.copyrightInformation='(c) 2022 pixiv Inc.'，0.x 的 meta 沒有這個欄位
   捨棄：meta.allowPoliticalOrReligiousUsage=True，0.x 的 meta 沒有這個欄位
   捨棄：meta.allowAntisocialOrHateUsage=False，0.x 的 meta 沒有這個欄位
   捨棄：meta.creditNotation='unnecessary'，0.x 的 meta 沒有這個欄位
   捨棄：meta.allowRedistribution=True，0.x 的 meta 沒有這個欄位
   捨棄：meta.modification='allowModificationRedistribution'，0.x 的 meta 沒有這個欄位
   捨棄：14 個節點的 VRMC_node_constraint，0.x 沒有 constraint
   近似：節點 23 的 capsule 改成 3 顆球
   近似：節點 96 的 capsule 改成 4 顆球
   近似：節點 97 的 capsule 改成 7 顆球
   近似：節點 130 的 capsule 改成 4 顆球
   近似：節點 131 的 capsule 改成 7 顆球
   近似：節點 160 的 capsule 改成 4 顆球
   近似：節點 165 的 capsule 改成 4 顆球
   近似：spring TopsUpperLeg 的 hitRadius 逐關節不同，取根關節的
   近似：spring TopsUpperLeg 的 hitRadius 逐關節不同，取根關節的
   近似：spring TopsUpperLeg 的 hitRadius 逐關節不同，取根關節的
   近似：spring TopsUpperLeg 的 hitRadius 逐關節不同，取根關節的
   近似：spring TopsUpperLeg 的 hitRadius 逐關節不同，取根關節的
   近似：spring TopsUpperLeg 的 hitRadius 逐關節不同，取根關節的
   近似：spring TopsUpperArm 的 hitRadius 逐關節不同，取根關節的
   近似：spring TopsUpperArm 的 hitRadius 逐關節不同，取根關節的
   近似：spring TopsUpperArm 的 hitRadius 逐關節不同，取根關節的
   近似：spring TopsUpperArm 的 hitRadius 逐關節不同，取根關節的
   近似：spring Hair 的 hitRadius 逐關節不同，取根關節的
   近似：spring Hair 的 hitRadius 逐關節不同，取根關節的
   近似：spring Hair 的 hitRadius 逐關節不同，取根關節的
   近似：spring Hair 的 hitRadius 逐關節不同，取根關節的
   近似：spring Hair 的 hitRadius 逐關節不同，取根關節的
   近似：spring Hair 的 hitRadius 逐關節不同，取根關節的
   近似：spring Hair 的 hitRadius 逐關節不同，取根關節的
   近似：spring Hair 的 hitRadius 逐關節不同，取根關節的
   近似：spring Hair 的 hitRadius 逐關節不同，取根關節的
   近似：spring Hair 的 hitRadius 逐關節不同，取根關節的
   近似：spring Hair 的 hitRadius 逐關節不同，取根關節的
   近似：spring Hair 的 hitRadius 逐關節不同，取根關節的
  1 partition ok  7 parts: Body_Skin, Face, Hair_BodyBack, Hair_Side_R, Outfit_Bottom, Outfit_Shoes, Outfit_Top
  2 strip     ok  3 primitives removed, replacing Outfit_Bottom, Outfit_Shoes, Outfit_Top
  3 skin      ok  repainted 4.7%
==================================================================
vroid-studio-dressup.vrm
   vroid-studio-dressup.vrm 是 VRM 1.0，轉成 0.x 寫到 base-vrm0.vrm（14594052 bytes）
   捨棄：meta.allowPoliticalOrReligiousUsage=False，0.x 的 meta 沒有這個欄位
   捨棄：meta.allowAntisocialOrHateUsage=False，0.x 的 meta 沒有這個欄位
   捨棄：meta.creditNotation='required'，0.x 的 meta 沒有這個欄位
   捨棄：meta.allowRedistribution=True，0.x 的 meta 沒有這個欄位
   捨棄：meta.modification='allowModificationRedistribution'，0.x 的 meta 沒有這個欄位
   近似：spring Bust 的 hitRadius 逐關節不同，取根關節的
   近似：spring Bust 的 hitRadius 逐關節不同，取根關節的
   近似：spring 8b45640ee2c57ef9cc3f31d5c59769f891f65e95.transferable_HairJoint-e22969dd-7b95-42cf-bf2e-ee23d7a11db1-1 的 hitRadius 逐關節不同，取根關節的
   近似：spring 8b45640ee2c57ef9cc3f31d5c59769f891f65e95.transferable_HairJoint-a8402804-36ba-4e01-a80a-58929aed1997-1 的 hitRadius 逐關節不同，取根關節的
   近似：spring 8b45640ee2c57ef9cc3f31d5c59769f891f65e95.transferable_HairJoint-8f3a95f44a144e40a128e2bc3cf3ef46-1 的 hitRadius 逐關節不同，取根關節的
   近似：spring 8b45640ee2c57ef9cc3f31d5c59769f891f65e95.transferable_HairJoint-970567d895554c87a26795e64d18a25b-1 的 hitRadius 逐關節不同，取根關節的
   近似：spring e41019634e5bb19ff9be3d3fc34991b15e75ba10.transferable_HairJoint-f0a15daa094e46feae4c150a2c540e5c-1 的 hitRadius 逐關節不同，取根關節的
   近似：spring e41019634e5bb19ff9be3d3fc34991b15e75ba10.transferable_HairJoint-f6dae7fddd7b4a1caa52efb82e9e7a79-1 的 hitRadius 逐關節不同，取根關節的
   近似：spring e41019634e5bb19ff9be3d3fc34991b15e75ba10.transferable_HairJoint-1ffbea9fb000427e94e6decd79e286d4-1 的 hitRadius 逐關節不同，取根關節的
   近似：spring e41019634e5bb19ff9be3d3fc34991b15e75ba10.transferable_HairJoint-e429d0b8a44d4b4a84124d8f9bb9ab1a-1 的 hitRadius 逐關節不同，取根關節的
   近似：spring e41019634e5bb19ff9be3d3fc34991b15e75ba10.transferable_HairJoint-ab758f2895da4b6993a9c556ad9dec0b-1 的 hitRadius 逐關節不同，取根關節的
   近似：材質 N00_000_00_HairBack_00_HAIR (Instance) (Instance) 的 matcapFactor [0, 0, 0]，0.x 的 _SphereAdd 沒有顏色，當作白
  1 partition ok  11 parts: Acc_GlassesHiFrame, Acc_GlassesHiLens, Body_Skin, Body_Skin_2, Body_Skin_3, Face, Hair_BodyBack, Outfit_Bottom, Outfit_Shoes, Outfit_Shoes_2, Outfit_Top
  2 strip     ok  6 primitives removed, replacing Acc_GlassesHiFrame, Acc_GlassesHiLens, Outfit_Bottom, Outfit_Shoes, Outfit_Shoes_2, Outfit_Top
  3 skin      ok  repainted 8.8%
