# The pitch class offline, on every registered family body. 2026-09-10.
#
# Generated by a throwaway test that imports the shipped gesture table
# through gestureOffsets() and poses rigProbe rigs with the result. It
# is the offline half of pitch-0910-browser.log, which measures the same
# three gestures through the real engine on the milfy body.
#
# PART 1 -- the bare axes. One rotation on one bone, so the sign of each
# axis belongs to the body and not to any gesture. "toward face" is the
# component along the way her eyes point, read off the eye against the
# head; "toward her left" is along her own left, read off her two hands.
#
vroid-sample-b        VRM 0  facingSign -1  faceZ -1  herLeft -1  body mika-pink.vrm
    head.x   0.30   eye toward face   -18.19mm   eye dY     6.22mm
    head.x   0.14   eye toward face    -8.25mm   eye dY     3.58mm
    head.x   0.05   eye toward face    -2.89mm   eye dY     1.41mm
    head.x  -0.05   eye toward face     2.81mm   eye dY    -1.55mm
    head.x  -0.14   eye toward face     7.67mm   eye dY    -4.70mm
    head.x  -0.30   eye toward face    15.54mm   eye dY   -11.31mm
    spine.x  0.05   head toward face   -19.49mm
    spine.x -0.05   head toward face    19.54mm
    head.y   0.10   eye toward her left     2.87mm
    head.y  -0.10   eye toward her left    -3.05mm
    head.z   0.16   eye toward her left     8.86mm
    head.z  -0.16   eye toward her left    -9.32mm

vrm1-twist-sample     VRM 1  facingSign  1  faceZ  1  herLeft  1  body vrm1-twist-sample.vrm
    head.x   0.30   eye toward face    17.55mm   eye dY    -9.13mm
    head.x   0.14   eye toward face     8.53mm   eye dY    -3.60mm
    head.x   0.05   eye toward face     3.10mm   eye dY    -1.15mm
    head.x  -0.05   eye toward face    -3.16mm   eye dY     0.99mm
    head.x  -0.14   eye toward face    -8.95mm   eye dY     2.38mm
    head.x  -0.30   eye toward face   -19.47mm   eye dY     3.54mm
    spine.x  0.05   head toward face    21.35mm
    spine.x -0.05   head toward face   -21.25mm
    head.y   0.10   eye toward her left     2.05mm
    head.y  -0.10   eye toward her left    -2.23mm
    head.z   0.16   eye toward her left   -10.20mm
    head.z  -0.16   eye toward her left     9.76mm

vroid-studio-dressup  VRM 1  facingSign  1  faceZ  1  herLeft  1  body vroid-studio-dressup.vrm
    head.x   0.30   eye toward face    17.55mm   eye dY    -9.13mm
    head.x   0.14   eye toward face     8.53mm   eye dY    -3.60mm
    head.x   0.05   eye toward face     3.10mm   eye dY    -1.15mm
    head.x  -0.05   eye toward face    -3.16mm   eye dY     0.99mm
    head.x  -0.14   eye toward face    -8.95mm   eye dY     2.38mm
    head.x  -0.30   eye toward face   -19.47mm   eye dY     3.54mm
    spine.x  0.05   head toward face    21.35mm
    spine.x -0.05   head toward face   -21.25mm
    head.y   0.10   eye toward her left     2.05mm
    head.y  -0.10   eye toward her left    -2.23mm
    head.z   0.16   eye toward her left   -10.20mm
    head.z  -0.16   eye toward her left     9.76mm

# PITCH mirrors and the two directions mean opposite things, YAW does
# not mirror, ROLL mirrors. That is the whole scope argument: the fix
# touches pitch and nothing else.
#
# PART 2 -- the three gestures at their own peaks, off the shipped
# table. The peak is found by stepping t in 1ms over the gesture and
# taking the largest |hp|, with p and env computed exactly as the
# engine's loop computes them (p = t / dur, gestureEnvelope(t, dur, 0)).
#
nod  dur 0.9s  peak |hp| at 274ms
    vroid-sample-b        hp  -0.1078  sx   0.0000  ey   0.000  eye toward face     5.97mm  eye dY    -3.52mm  head toward face     0.00mm
    vrm1-twist-sample     hp   0.1078  sx   0.0000  ey   0.000  eye toward face     6.61mm  eye dY    -2.67mm  head toward face     0.00mm
    vroid-studio-dressup  hp   0.1078  sx   0.0000  ey   0.000  eye toward face     6.61mm  eye dY    -2.67mm  head toward face     0.00mm

bounce  dur 1.2s  peak |hp| at 600ms
    vroid-sample-b        hp  -0.0500  sx  -0.0500  ey   0.000  eye toward face    25.09mm  eye dY    -2.69mm  head toward face    19.54mm
    vrm1-twist-sample     hp   0.0500  sx   0.0500  ey   0.000  eye toward face    27.49mm  eye dY    -0.95mm  head toward face    21.35mm
    vroid-studio-dressup  hp   0.0500  sx   0.0500  ey   0.000  eye toward face    27.49mm  eye dY    -0.95mm  head toward face    21.35mm

toeLook  dur 2s  peak |hp| at 1000ms
    vroid-sample-b        hp  -0.3000  sx   0.0000  ey  -2.000  eye toward face    15.54mm  eye dY   -11.31mm  head toward face     0.00mm
    vrm1-twist-sample     hp   0.3000  sx   0.0000  ey  -2.000  eye toward face    17.55mm  eye dY    -9.13mm  head toward face     0.00mm
    vroid-studio-dressup  hp   0.3000  sx   0.0000  ey  -2.000  eye toward face    17.55mm  eye dY    -9.13mm  head toward face     0.00mm

# Every family reads the same sign on every row, which is the point:
# one gesture, one meaning, on a body that faces either way.
