scripts/avatar/fixtures/seed-san.vrm
  10,917,800 bytes, VRM 1.0 (specVersion 1.0)
  meta:
    name                     "Seed-san"
    authors                  ["VirtualCast, Inc."]
    copyrightInformation     "VirtualCast, Inc."
    licenseUrl               "https://vrm.dev/licenses/1.0/"
    avatarPermission         "everyone"
    allowRedistribution      true
    modification             "allowModificationRedistribution"
    commercialUsage          "corporation"
    creditNotation           "required"
  humanoid: 51 bones, 51 with a non-identity rest rotation, no upperChest
  springs: 9 chains, 8 colliders   expressions: 18 presets
  meshes:
    hair                        5185 verts   x -0.11…0.11  y 1.32…1.58  z -0.14…0.12
    hair_tail                    156 verts   x -0.19…0.01  y 1.04…1.34  z -0.27…-0.06
    head                        6142 verts   x -0.11…0.11  y 1.30…1.56  z -0.10…0.12
    robo_arm                    3795 verts   x -0.06…1.21  y 0.58…1.52  z -0.42…-0.16
    wear                       18781 verts   x -0.61…0.61  y -0.00…1.34  z -0.48…0.19

  height 1.5800   34,059 drawn vertices   77 skinning joints outside the humanoid map
  widest drawn vertex: robo_arm at |x| 1.214m -> 1.2135 screen units against a 0.7415 half-width budget: OUT OF FRAME by 472mm
  rig version as the pipeline reads it: 1
